Component: Arm Compiler for Embedded 6.18 Tool: armlink [5e4cc100]

==============================================================================

Section Cross References

    startup_stm32h743xx.o(RESET) refers to startup_stm32h743xx.o(STACK) for __initial_sp
    startup_stm32h743xx.o(RESET) refers to startup_stm32h743xx.o(.text) for Reset_Handler
    startup_stm32h743xx.o(RESET) refers to stm32h7xx_it.o(.text.NMI_Handler) for NMI_Handler
    startup_stm32h743xx.o(RESET) refers to stm32h7xx_it.o(.text.HardFault_Handler) for HardFault_Handler
    startup_stm32h743xx.o(RESET) refers to stm32h7xx_it.o(.text.MemManage_Handler) for MemManage_Handler
    startup_stm32h743xx.o(RESET) refers to stm32h7xx_it.o(.text.BusFault_Handler) for BusFault_Handler
    startup_stm32h743xx.o(RESET) refers to stm32h7xx_it.o(.text.UsageFault_Handler) for UsageFault_Handler
    startup_stm32h743xx.o(RESET) refers to stm32h7xx_it.o(.text.SVC_Handler) for SVC_Handler
    startup_stm32h743xx.o(RESET) refers to stm32h7xx_it.o(.text.DebugMon_Handler) for DebugMon_Handler
    startup_stm32h743xx.o(RESET) refers to stm32h7xx_it.o(.text.PendSV_Handler) for PendSV_Handler
    startup_stm32h743xx.o(RESET) refers to stm32h7xx_it.o(.text.SysTick_Handler) for SysTick_Handler
    startup_stm32h743xx.o(RESET) refers to stm32h7xx_it.o(.text.DMA1_Stream0_IRQHandler) for DMA1_Stream0_IRQHandler
    startup_stm32h743xx.o(RESET) refers to stm32h7xx_it.o(.text.TIM6_DAC_IRQHandler) for TIM6_DAC_IRQHandler
    startup_stm32h743xx.o(RESET) refers to stm32h7xx_it.o(.text.TIM7_IRQHandler) for TIM7_IRQHandler
    startup_stm32h743xx.o(RESET) refers to stm32h7xx_it.o(.text.UART7_IRQHandler) for UART7_IRQHandler
    startup_stm32h743xx.o(.text) refers to system_stm32h7xx.o(.text.ExitRun0Mode) for ExitRun0Mode
    startup_stm32h743xx.o(.text) refers to system_stm32h7xx.o(.text.SystemInit) for SystemInit
    startup_stm32h743xx.o(.text) refers to entry.o(.ARM.Collect$$$$00000000) for __main
    main.o(.text.TwoOrOne) refers to main.o(.bss.Forcal) for Forcal
    main.o(.text.TwoOrOne) refers to main.o(.bss.calinfw) for calinfw
    main.o(.text.TwoOrOne) refers to main.o(.bss.frediffornot) for frediffornot
    main.o(.ARM.exidx.text.TwoOrOne) refers to main.o(.text.TwoOrOne) for [Anonymous Symbol]
    main.o(.text.FindPoint) refers to main.o(.data.boxlength) for boxlength
    main.o(.text.FindPoint) refers to main.o(.data.waveptarr) for waveptarr
    main.o(.text.FindPoint) refers to siabs.o(.text) for abs
    main.o(.ARM.exidx.text.FindPoint) refers to main.o(.text.FindPoint) for [Anonymous Symbol]
    main.o(.text.Triornot) refers to main.o(.data.boxlength) for boxlength
    main.o(.text.Triornot) refers to main.o(.data.waveptarr) for waveptarr
    main.o(.text.Triornot) refers to main.o(.bss.Forcal) for Forcal
    main.o(.ARM.exidx.text.Triornot) refers to main.o(.text.Triornot) for [Anonymous Symbol]
    main.o(.text.FindWave) refers to main.o(.text.TwoOrOne) for TwoOrOne
    main.o(.text.FindWave) refers to main.o(.bss.frediffornot) for frediffornot
    main.o(.text.FindWave) refers to main.o(.bss.Forcal) for Forcal
    main.o(.text.FindWave) refers to main.o(.text.FindPoint) for FindPoint
    main.o(.text.FindWave) refers to main.o(.bss.Wavemax1) for Wavemax1
    main.o(.text.FindWave) refers to main.o(.text.Triornot) for Triornot
    main.o(.text.FindWave) refers to main.o(.bss.WaveS1) for WaveS1
    main.o(.text.FindWave) refers to main.o(.data.boxlength) for boxlength
    main.o(.text.FindWave) refers to main.o(.data.waveptarr) for waveptarr
    main.o(.text.FindWave) refers to main.o(.bss.Wavemax2) for Wavemax2
    main.o(.text.FindWave) refers to main.o(.bss.WaveS2) for WaveS2
    main.o(.ARM.exidx.text.FindWave) refers to main.o(.text.FindWave) for [Anonymous Symbol]
    main.o(.text.HAL_TIM_PeriodElapsedCallback) refers to tim.o(.bss.htim6) for htim6
    main.o(.text.HAL_TIM_PeriodElapsedCallback) refers to main.o(.rodata.str1.1) for .L.str
    main.o(.text.HAL_TIM_PeriodElapsedCallback) refers to printfa.o(i.__0printf) for printf
    main.o(.text.HAL_TIM_PeriodElapsedCallback) refers to stm32h7xx_hal_tim.o(.text.HAL_TIM_Base_Stop) for HAL_TIM_Base_Stop
    main.o(.text.HAL_TIM_PeriodElapsedCallback) refers to tim.o(.bss.htim15) for htim15
    main.o(.text.HAL_TIM_PeriodElapsedCallback) refers to stm32h7xx_hal_tim.o(.text.HAL_TIM_Base_Start) for HAL_TIM_Base_Start
    main.o(.text.HAL_TIM_PeriodElapsedCallback) refers to adc.o(.bss.hadc1) for hadc1
    main.o(.text.HAL_TIM_PeriodElapsedCallback) refers to stm32h7xx_hal_adc_ex.o(.text.HAL_ADCEx_Calibration_Start) for HAL_ADCEx_Calibration_Start
    main.o(.text.HAL_TIM_PeriodElapsedCallback) refers to main.o(.ARM.__at_0x30000000) for adc1_data
    main.o(.text.HAL_TIM_PeriodElapsedCallback) refers to stm32h7xx_hal_adc.o(.text.HAL_ADC_Start_DMA) for HAL_ADC_Start_DMA
[...]
    [Anonymous Symbol]                       0x0800c878   Section        0  stm32h7xx_it.o(.text.MemManage_Handler)
    [Anonymous Symbol]                       0x0800c880   Section        0  stm32h7xx_it.o(.text.NMI_Handler)
    NVIC_EncodePriority                      0x0800c889   Thumb Code   108  stm32h7xx_hal_cortex.o(.text.NVIC_EncodePriority)
    [Anonymous Symbol]                       0x0800c888   Section        0  stm32h7xx_hal_cortex.o(.text.NVIC_EncodePriority)
    [Anonymous Symbol]                       0x0800c8f8   Section        0  stm32h7xx_it.o(.text.PendSV_Handler)
    RCCEx_PLL2_Config                        0x0800c901   Thumb Code   458  stm32h7xx_hal_rcc_ex.o(.text.RCCEx_PLL2_Config)
    [Anonymous Symbol]                       0x0800c900   Section        0  stm32h7xx_hal_rcc_ex.o(.text.RCCEx_PLL2_Config)
    RCCEx_PLL3_Config                        0x0800cad1   Thumb Code   458  stm32h7xx_hal_rcc_ex.o(.text.RCCEx_PLL3_Config)
    [Anonymous Symbol]                       0x0800cad0   Section        0  stm32h7xx_hal_rcc_ex.o(.text.RCCEx_PLL3_Config)
    [Anonymous Symbol]                       0x0800cca0   Section        0  stm32h7xx_it.o(.text.SVC_Handler)
    SysTick_Config                           0x0800cca9   Thumb Code    82  stm32h7xx_hal_cortex.o(.text.SysTick_Config)
    [Anonymous Symbol]                       0x0800cca8   Section        0  stm32h7xx_hal_cortex.o(.text.SysTick_Config)
    [Anonymous Symbol]                       0x0800cd00   Section        0  stm32h7xx_it.o(.text.SysTick_Handler)
    [Anonymous Symbol]                       0x0800cd08   Section        0  main.o(.text.SystemClock_Config)
    [Anonymous Symbol]                       0x0800cdf0   Section        0  system_stm32h7xx.o(.text.SystemInit)
    [Anonymous Symbol]                       0x0800cf80   Section        0  stm32h7xx_it.o(.text.TIM6_DAC_IRQHandler)
    [Anonymous Symbol]                       0x0800cf90   Section        0  stm32h7xx_it.o(.text.TIM7_IRQHandler)
    [Anonymous Symbol]                       0x0800cfa0   Section        0  stm32h7xx_hal_tim.o(.text.TIM_Base_SetConfig)
    [Anonymous Symbol]                       0x0800d148   Section        0  stm32h7xx_hal_tim.o(.text.TIM_ETR_SetConfig)
    TIM_ITRx_SetConfig                       0x0800d181   Thumb Code    48  stm32h7xx_hal_tim.o(.text.TIM_ITRx_SetConfig)
    [Anonymous Symbol]                       0x0800d180   Section        0  stm32h7xx_hal_tim.o(.text.TIM_ITRx_SetConfig)
    TIM_TI1_ConfigInputStage                 0x0800d1b1   Thumb Code    80  stm32h7xx_hal_tim.o(.text.TIM_TI1_ConfigInputStage)
    [Anonymous Symbol]                       0x0800d1b0   Section        0  stm32h7xx_hal_tim.o(.text.TIM_TI1_ConfigInputStage)
    TIM_TI2_ConfigInputStage                 0x0800d201   Thumb Code    82  stm32h7xx_hal_tim.o(.text.TIM_TI2_ConfigInputStage)
    [Anonymous Symbol]                       0x0800d200   Section        0  stm32h7xx_hal_tim.o(.text.TIM_TI2_ConfigInputStage)
    [Anonymous Symbol]                       0x0800d258   Section        0  main.o(.text.Triornot)
    [Anonymous Symbol]                       0x0800d388   Section        0  main.o(.text.TwoOrOne)
    [Anonymous Symbol]                       0x0800d4f8   Section        0  stm32h7xx_it.o(.text.UART7_IRQHandler)
    UARTEx_SetNbDataToProcess                0x0800d509   Thumb Code   134  stm32h7xx_hal_uart_ex.o(.text.UARTEx_SetNbDataToProcess)
    [Anonymous Symbol]                       0x0800d508   Section        0  stm32h7xx_hal_uart_ex.o(.text.UARTEx_SetNbDataToProcess)
    [Anonymous Symbol]                       0x0800d590   Section        0  stm32h7xx_hal_uart.o(.text.UART_AdvFeatureConfig)
    [Anonymous Symbol]                       0x0800d6d8   Section        0  stm32h7xx_hal_uart.o(.text.UART_CheckIdleState)
    UART_DMAAbortOnError                     0x0800d821   Thumb Code    30  stm32h7xx_hal_uart.o(.text.UART_DMAAbortOnError)
    [Anonymous Symbol]                       0x0800d820   Section        0  stm32h7xx_hal_uart.o(.text.UART_DMAAbortOnError)
    UART_EndRxTransfer                       0x0800d841   Thumb Code   158  stm32h7xx_hal_uart.o(.text.UART_EndRxTransfer)
    [Anonymous Symbol]                       0x0800d840   Section        0  stm32h7xx_hal_uart.o(.text.UART_EndRxTransfer)
    UART_EndTransmit_IT                      0x0800d8e1   Thumb Code    68  stm32h7xx_hal_uart.o(.text.UART_EndTransmit_IT)
    [Anonymous Symbol]                       0x0800d8e0   Section        0  stm32h7xx_hal_uart.o(.text.UART_EndTransmit_IT)
    [Anonymous Symbol]                       0x0800d928   Section        0  stm32h7xx_hal_uart.o(.text.UART_SetConfig)
    [Anonymous Symbol]                       0x0800e250   Section        0  stm32h7xx_hal_uart.o(.text.UART_WaitOnFlagUntilTimeout)
    [Anonymous Symbol]                       0x0800e360   Section        0  stm32h7xx_it.o(.text.UsageFault_Handler)
    __NVIC_EnableIRQ                         0x0800e369   Thumb Code    48  stm32h7xx_hal_cortex.o(.text.__NVIC_EnableIRQ)
    [Anonymous Symbol]                       0x0800e368   Section        0  stm32h7xx_hal_cortex.o(.text.__NVIC_EnableIRQ)
    __NVIC_GetPriorityGrouping               0x0800e399   Thumb Code    16  stm32h7xx_hal_cortex.o(.text.__NVIC_GetPriorityGrouping)
    [Anonymous Symbol]                       0x0800e398   Section        0  stm32h7xx_hal_cortex.o(.text.__NVIC_GetPriorityGrouping)
    __NVIC_SetPriority                       0x0800e3a9   Thumb Code    66  stm32h7xx_hal_cortex.o(.text.__NVIC_SetPriority)
    [Anonymous Symbol]                       0x0800e3a8   Section        0  stm32h7xx_hal_cortex.o(.text.__NVIC_SetPriority)
    __NVIC_SetPriorityGrouping               0x0800e3f1   Thumb Code    60  stm32h7xx_hal_cortex.o(.text.__NVIC_SetPriorityGrouping)
    [Anonymous Symbol]                       0x0800e3f0   Section        0  stm32h7xx_hal_cortex.o(.text.__NVIC_SetPriorityGrouping)
    [Anonymous Symbol]                       0x0800e430   Section        0  usart.o(.text.fputc)
    [Anonymous Symbol]                       0x0800e458   Section        0  main.o(.text.main)
    i.__0printf                              0x0800e65c   Section        0  printfa.o(i.__0printf)
    i.__ARM_fpclassify                       0x0800e67c   Section        0  fpclassify.o(i.__ARM_fpclassify)
    i.__hardfp_atan                          0x0800e6b0   Section        0  atan.o(i.__hardfp_atan)
    i.__hardfp_cos                           0x0800e888   Section        0  cos.o(i.__hardfp_cos)
    i.__hardfp_sin                           0x0800e938   Section        0  sin.o(i.__hardfp_sin)
    i.__hardfp_sqrtf                         0x0800e9e8   Section        0  sqrtf.o(i.__hardfp_sqrtf)
    i.__ieee754_rem_pio2                     0x0800ea28   Section        0  rred.o(i.__ieee754_rem_pio2)
    i.__kernel_cos                           0x0800ed30   Section        0  cos_i.o(i.__kernel_cos)
    i.__kernel_poly                          0x0800edf4   Section        0  poly.o(i.__kernel_poly)
    i.__kernel_sin                           0x0800ee68   Section        0  sin_i.o(i.__kernel_sin)
    i.__mathlib_dbl_infnan                   0x0800ef08   Section        0  dunder.o(i.__mathlib_dbl_infnan)
    i.__mathlib_dbl_invalid                  0x0800ef10   Section        0  dunder.o(i.__mathlib_dbl_invalid)
    i.__mathlib_dbl_underflow                0x0800ef28   Section        0  dunder.o(i.__mathlib_dbl_underflow)
    i.__scatterload_copy                     0x0800ef40   Section       14  handlers.o(i.__scatterload_copy)
    i.__scatterload_null                     0x0800ef4e   Section        2  handlers.o(i.__scatterload_null)
    i.__scatterload_zeroinit                 0x0800ef50   Section       14  handlers.o(i.__scatterload_zeroinit)
    i.__set_errno                            0x0800ef60   Section        0  errno.o(i.__set_errno)
    _fp_digits                               0x0800ef6d   Thumb Code   366  printfa.o(i._fp_digits)
    i._fp_digits                             0x0800ef6c   Section        0  printfa.o(i._fp_digits)
    _printf_core                             0x0800f0f1   Thumb Code  1744  printfa.o(i._printf_core)
    i._printf_core                           0x0800f0f0   Section        0  printfa.o(i._printf_core)
    _printf_post_padding                     0x0800f7cd   Thumb Code    36  printfa.o(i._printf_post_padding)
    i._printf_post_padding                   0x0800f7cc   Section        0  printfa.o(i._printf_post_padding)
    _printf_pre_padding                      0x0800f7f1   Thumb Code    46  printfa.o(i._printf_pre_padding)
    i._printf_pre_padding                    0x0800f7f0   Section        0  printfa.o(i._printf_pre_padding)
    i.fabs                                   0x0800f81e   Section        0  fabs.o(i.fabs)
    i.free                                   0x0800f838   Section        0  malloc.o(i.free)
    atanhi                                   0x0800f888   Data          32  atan.o(.constdata)
    .constdata                               0x0800f888   Section      152  atan.o(.constdata)
    atanlo                                   0x0800f8a8   Data          32  atan.o(.constdata)
    aTodd                                    0x0800f8c8   Data          40  atan.o(.constdata)
    aTeven                                   0x0800f8f0   Data          48  atan.o(.constdata)
    C                                        0x0800f920   Data          48  cos_i.o(.constdata)
    .constdata                               0x0800f920   Section       48  cos_i.o(.constdata)
    pio2s                                    0x0800f950   Data          48  rred.o(.constdata)
    .constdata                               0x0800f950   Section      204  rred.o(.constdata)
    twooverpi                                0x0800f980   Data         156  rred.o(.constdata)
    S                                        0x0800fa20   Data          40  sin_i.o(.constdata)
    .constdata                               0x0800fa20   Section       40  sin_i.o(.constdata)
    DMA_CalcBaseAndBitshift.flagBitshiftOffset 0x0800fa58   Data           8  stm32h7xx_hal_dma.o(.rodata.DMA_CalcBaseAndBitshift.flagBitshiftOffset)
    [Anonymous Symbol]                       0x0800fa58   Section        0  stm32h7xx_hal_dma.o(.rodata.DMA_CalcBaseAndBitshift.flagBitshiftOffset)
    UARTEx_SetNbDataToProcess.denominator    0x0800fa60   Data           8  stm32h7xx_hal_uart_ex.o(.rodata.UARTEx_SetNbDataToProcess.denominator)
    [Anonymous Symbol]                       0x0800fa60   Section        0  stm32h7xx_hal_uart_ex.o(.rodata.UARTEx_SetNbDataToProcess.denominator)
    UARTEx_SetNbDataToProcess.numerator      0x0800fa68   Data           8  stm32h7xx_hal_uart_ex.o(.rodata.UARTEx_SetNbDataToProcess.numerator)
    [Anonymous Symbol]                       0x0800fa68   Section        0  stm32h7xx_hal_uart_ex.o(.rodata.UARTEx_SetNbDataToProcess.numerator)
    .L.str.1                                 0x0800fa88   Data          10  main.o(.rodata.str1.1)
    [Anonymous Symbol]                       0x0800fa88   Section        0  main.o(.rodata.str1.1)
    .L.str.2                                 0x0800fa92   Data          15  main.o(.rodata.str1.1)
    .L.str.3                                 0x0800faa1   Data          15  main.o(.rodata.str1.1)
    .L.str.4                                 0x0800fab0   Data          15  main.o(.rodata.str1.1)
    .L.str.5                                 0x0800fabf   Data          15  main.o(.rodata.str1.1)
    .L.str                                   0x0800face   Data          17  main.o(.rodata.str1.1)
    .data                                    0x20000000   Section        4  stdout.o(.data)
    .data                                    0x20000004   Section        4  mvars.o(.data)
    _errno                                   0x20000008   Data           4  errno.o(.data)
    .data                                    0x20000008   Section        4  errno.o(.data)
    FFT.n                                    0x2000000c   Data           4  xfft.o(.data.FFT.n)
    [Anonymous Symbol]                       0x2000000c   Section        0  xfft.o(.data.FFT.n)
    FFT.mw                                   0x200000d4   Data           4  xfft.o(.bss.FFT.mw)
    [Anonymous Symbol]                       0x200000d4   Section        0  xfft.o(.bss.FFT.mw)
    FFT.w                                    0x200000d8   Data           4  xfft.o(.bss.FFT.w)
    [Anonymous Symbol]                       0x200000d8   Section        0  xfft.o(.bss.FFT.w)
    STACK                                    0x200103e0   Section    29696  startup_stm32h743xx.o(STACK)

    Global Symbols

    Symbol Name                              Value     Ov Type        Size  Object(Section)

    BuildAttributes$$THM_ISAv4$E$P$D$K$B$S$7EM$VFPv5_D16$PE$PLD8$A:L22UL41UL21$X:L11$S22US41US21$IEEE1$IW$~IW$USESV6$~STKCKD$USESV7$~SHL$OTIME$ROPI$IEEEX$EBA8$MICROLIB$REQ8$PRES8$EABIv2 0x00000000   Number         0  anon$$obj.o ABSOLUTE
    __cpp_initialize__aeabi_                  - Undefined Weak Reference
    __cxa_finalize                            - Undefined Weak Reference
    __decompress                              - Undefined Weak Reference
    _clock_init                               - Undefined Weak Reference
    _microlib_exit                            - Undefined Weak Reference
    __Vectors_Size                           0x00000298   Number         0  startup_stm32h743xx.o ABSOLUTE
    __Vectors                                0x08000000   Data           4  startup_stm32h743xx.o(RESET)
    __Vectors_End                            0x08000298   Data           0  startup_stm32h743xx.o(RESET)
    __main                                   0x08000299   Thumb Code     0  entry.o(.ARM.Collect$$$$00000000)
    _main_stk                                0x08000299   Thumb Code     0  entry2.o(.ARM.Collect$$$$00000001)
    _main_scatterload                        0x0800029d   Thumb Code     0  entry5.o(.ARM.Collect$$$$00000004)
    __main_after_scatterload                 0x080002a1   Thumb Code     0  entry5.o(.ARM.Collect$$$$00000004)
    _main_clock                              0x080002a1   Thumb Code     0  entry7b.o(.ARM.Collect$$$$00000008)
    _main_cpp_init                           0x080002a1   Thumb Code     0  entry8b.o(.ARM.Collect$$$$0000000A)
    _main_init                               0x080002a1   Thumb Code     0  entry9a.o(.ARM.Collect$$$$0000000B)
    __rt_final_cpp                           0x080002a9   Thumb Code     0  entry10a.o(.ARM.Collect$$$$0000000D)
    __rt_final_exit                          0x080002a9   Thumb Code     0  entry11a.o(.ARM.Collect$$$$0000000F)
    Reset_Handler                            0x080002ad   Thumb Code    12  startup_stm32h743xx.o(.text)
    ADC3_IRQHandler                          0x080002cb   Thumb Code     0  startup_stm32h743xx.o(.text)
    ADC_IRQHandler                           0x080002cb   Thumb Code     0  startup_stm32h743xx.o(.text)
    BDMA_Channel0_IRQHandler                 0x080002cb   Thumb Code     0  startup_stm32h743xx.o(.text)
    BDMA_Channel1_IRQHandler                 0x080002cb   Thumb Code     0  startup_stm32h743xx.o(.text)
    BDMA_Channel2_IRQHandler                 0x080002cb   Thumb Code     0  startup_stm32h743xx.o(.text)
    BDMA_Channel3_IRQHandler                 0x080002cb   Thumb Code     0  startup_stm32h743xx.o(.text)
    BDMA_Channel4_IRQHandler                 0x080002cb   Thumb Code     0  startup_stm32h743xx.o(.text)
    BDMA_Channel5_IRQHandler                 0x080002cb   Thumb Code     0  startup_stm32h743xx.o(.text)
    BDMA_Channel6_IRQHandler                 0x080002cb   Thumb Code     0  startup_stm32h743xx.o(.text)
    BDMA_Channel7_IRQHandler                 0x080002cb   Thumb Code     0  startup_stm32h743xx.o(.text)
    CEC_IRQHandler                           0x080002cb   Thumb Code     0  startup_stm32h743xx.o(.text)
    COMP1_IRQHandler                         0x080002cb   Thumb Code     0  startup_stm32h743xx.o(.text)
    CRS_IRQHandler                           0x080002cb   Thumb Code     0  startup_stm32h743xx.o(.text)
    DCMI_IRQHandler                          0x080002cb   Thumb Code     0  startup_stm32h743xx.o(.text)
    DFSDM1_FLT0_IRQHandler                   0x080002cb   Thumb Code     0  startup_stm32h743xx.o(.text)
    DFSDM1_FLT1_IRQHandler                   0x080002cb   Thumb Code     0  startup_stm32h743xx.o(.text)
    DFSDM1_FLT2_IRQHandler                   0x080002cb   Thumb Code     0  startup_stm32h743xx.o(.text)
    DFSDM1_FLT3_IRQHandler                   0x080002cb   Thumb Code     0  startup_stm32h743xx.o(.text)
    DMA1_Stream1_IRQHandler                  0x080002cb   Thumb Code     0  startup_stm32h743xx.o(.text)
    DMA1_Stream2_IRQHandler                  0x080002cb   Thumb Code     0  startup_stm32h743xx.o(.text)
    DMA1_Stream3_IRQHandler                  0x080002cb   Thumb Code     0  startup_stm32h743xx.o(.text)
    DMA1_Stream4_IRQHandler                  0x080002cb   Thumb Code     0  startup_stm32h743xx.o(.text)
    DMA1_Stream5_IRQHandler                  0x080002cb   Thumb Code     0  startup_stm32h743xx.o(.text)
    DMA1_Stream6_IRQHandler                  0x080002cb   Thumb Code     0  startup_stm32h743xx.o(.text)
    DMA1_Stream7_IRQHandler                  0x080002cb   Thumb Code     0  startup_stm32h743xx.o(.text)
    DMA2D_IRQHandler                         0x080002cb   Thumb Code     0  startup_stm32h743xx.o(.text)
    DMA2_Stream0_IRQHandler                  0x080002cb   Thumb Code     0  startup_stm32h743xx.o(.text)
    DMA2_Stream1_IRQHandler                  0x080002cb   Thumb Code     0  startup_stm32h743xx.o(.text)
    DMA2_Stream2_IRQHandler                  0x080002cb   Thumb Code     0  startup_stm32h743xx.o(.text)
    DMA2_Stream3_IRQHandler                  0x080002cb   Thumb Code     0  startup_stm32h743xx.o(.text)
    DMA2_Stream4_IRQHandler                  0x080002cb   Thumb Code     0  startup_stm32h743xx.o(.text)
    DMA2_Stream5_IRQHandler                  0x080002cb   Thumb Code     0  startup_stm32h743xx.o(.text)
    DMA2_Stream6_IRQHandler                  0x080002cb   Thumb Code     0  startup_stm32h743xx.o(.text)
    DMA2_Stream7_IRQHandler                  0x080002cb   Thumb Code     0  startup_stm32h743xx.o(.text)
    DMAMUX1_OVR_IRQHandler                   0x080002cb   Thumb Code     0  startup_stm32h743xx.o(.text)
    DMAMUX2_OVR_IRQHandler                   0x080002cb   Thumb Code     0  startup_stm32h743xx.o(.text)
    ECC_IRQHandler                           0x080002cb   Thumb Code     0  startup_stm32h743xx.o(.text)
    ETH_IRQHandler                           0x080002cb   Thumb Code     0  startup_stm32h743xx.o(.text)
    ETH_WKUP_IRQHandler                      0x080002cb   Thumb Code     0  startup_stm32h743xx.o(.text)
    EXTI0_IRQHandler                         0x080002cb   Thumb Code     0  startup_stm32h743xx.o(.text)
    EXTI15_10_IRQHandler                     0x080002cb   Thumb Code     0  startup_stm32h743xx.o(.text)
    EXTI1_IRQHandler                         0x080002cb   Thumb Code     0  startup_stm32h743xx.o(.text)
    EXTI2_IRQHandler                         0x080002cb   Thumb Code     0  startup_stm32h743xx.o(.text)
    EXTI3_IRQHandler                         0x080002cb   Thumb Code     0  startup_stm32h743xx.o(.text)
    EXTI4_IRQHandler                         0x080002cb   Thumb Code     0  startup_stm32h743xx.o(.text)
    EXTI9_5_IRQHandler                       0x080002cb   Thumb Code     0  startup_stm32h743xx.o(.text)
    FDCAN1_IT0_IRQHandler                    0x080002cb   Thumb Code     0  startup_stm32h743xx.o(.text)
    FDCAN1_IT1_IRQHandler                    0x080002cb   Thumb Code     0  startup_stm32h743xx.o(.text)
    FDCAN2_IT0_IRQHandler                    0x080002cb   Thumb Code     0  startup_stm32h743xx.o(.text)
    FDCAN2_IT1_IRQHandler                    0x080002cb   Thumb Code     0  startup_stm32h743xx.o(.text)
    FDCAN_CAL_IRQHandler                     0x080002cb   Thumb Code     0  startup_stm32h743xx.o(.text)
    FLASH_IRQHandler                         0x080002cb   Thumb Code     0  startup_stm32h743xx.o(.text)
    FMC_IRQHandler                           0x080002cb   Thumb Code     0  startup_stm32h743xx.o(.text)
    FPU_IRQHandler                           0x080002cb   Thumb Code     0  startup_stm32h743xx.o(.text)
    HRTIM1_FLT_IRQHandler                    0x080002cb   Thumb Code     0  startup_stm32h743xx.o(.text)
    HRTIM1_Master_IRQHandler                 0x080002cb   Thumb Code     0  startup_stm32h743xx.o(.text)
    HRTIM1_TIMA_IRQHandler                   0x080002cb   Thumb Code     0  startup_stm32h743xx.o(.text)
    HRTIM1_TIMB_IRQHandler                   0x080002cb   Thumb Code     0  startup_stm32h743xx.o(.text)
    HRTIM1_TIMC_IRQHandler                   0x080002cb   Thumb Code     0  startup_stm32h743xx.o(.text)
    HRTIM1_TIMD_IRQHandler                   0x080002cb   Thumb Code     0  startup_stm32h743xx.o(.text)
    HRTIM1_TIME_IRQHandler                   0x080002cb   Thumb Code     0  startup_stm32h743xx.o(.text)
    HSEM1_IRQHandler                         0x080002cb   Thumb Code     0  startup_stm32h743xx.o(.text)
    I2C1_ER_IRQHandler                       0x080002cb   Thumb Code     0  startup_stm32h743xx.o(.text)
    I2C1_EV_IRQHandler                       0x080002cb   Thumb Code     0  startup_stm32h743xx.o(.text)
    I2C2_ER_IRQHandler                       0x080002cb   Thumb Code     0  startup_stm32h743xx.o(.text)
    I2C2_EV_IRQHandler                       0x080002cb   Thumb Code     0  startup_stm32h743xx.o(.text)
    I2C3_ER_IRQHandler                       0x080002cb   Thumb Code     0  startup_stm32h743xx.o(.text)
    I2C3_EV_IRQHandler                       0x080002cb   Thumb Code     0  startup_stm32h743xx.o(.text)
    I2C4_ER_IRQHandler                       0x080002cb   Thumb Code     0  startup_stm32h743xx.o(.text)
    I2C4_EV_IRQHandler                       0x080002cb   Thumb Code     0  startup_stm32h743xx.o(.text)
    JPEG_IRQHandler                          0x080002cb   Thumb Code     0  startup_stm32h743xx.o(.text)
    LPTIM1_IRQHandler                        0x080002cb   Thumb Code     0  startup_stm32h743xx.o(.text)
    LPTIM2_IRQHandler                        0x080002cb   Thumb Code     0  startup_stm32h743xx.o(.text)
    LPTIM3_IRQHandler                        0x080002cb   Thumb Code     0  startup_stm32h743xx.o(.text)
    LPTIM4_IRQHandler                        0x080002cb   Thumb Code     0  startup_stm32h743xx.o(.text)
    LPTIM5_IRQHandler                        0x080002cb   Thumb Code     0  startup_stm32h743xx.o(.text)
    LPUART1_IRQHandler                       0x080002cb   Thumb Code     0  startup_stm32h743xx.o(.text)
    LTDC_ER_IRQHandler                       0x080002cb   Thumb Code     0  startup_stm32h743xx.o(.text)
    LTDC_IRQHandler                          0x080002cb   Thumb Code     0  startup_stm32h743xx.o(.text)
    MDIOS_IRQHandler                         0x080002cb   Thumb Code     0  startup_stm32h743xx.o(.text)
    MDIOS_WKUP_IRQHandler                    0x080002cb   Thumb Code     0  startup_stm32h743xx.o(.text)
    MDMA_IRQHandler                          0x080002cb   Thumb Code     0  startup_stm32h743xx.o(.text)
    OTG_FS_EP1_IN_IRQHandler                 0x080002cb   Thumb Code     0  startup_stm32h743xx.o(.text)
    OTG_FS_EP1_OUT_IRQHandler                0x080002cb   Thumb Code     0  startup_stm32h743xx.o(.text)
    OTG_FS_IRQHandler                        0x080002cb   Thumb Code     0  startup_stm32h743xx.o(.text)
    OTG_FS_WKUP_IRQHandler                   0x080002cb   Thumb Code     0  startup_stm32h743xx.o(.text)
    OTG_HS_EP1_IN_IRQHandler                 0x080002cb   Thumb Code     0  startup_stm32h743xx.o(.text)
    OTG_HS_EP1_OUT_IRQHandler                0x080002cb   Thumb Code     0  startup_stm32h743xx.o(.text)
    OTG_HS_IRQHandler                        0x080002cb   Thumb Code     0  startup_stm32h743xx.o(.text)
    OTG_HS_WKUP_IRQHandler                   0x080002cb   Thumb Code     0  startup_stm32h743xx.o(.text)
    PVD_AVD_IRQHandler                       0x080002cb   Thumb Code     0  startup_stm32h743xx.o(.text)
    QUADSPI_IRQHandler                       0x080002cb   Thumb Code     0  startup_stm32h743xx.o(.text)
    RCC_IRQHandler                           0x080002cb   Thumb Code     0  startup_stm32h743xx.o(.text)
    RNG_IRQHandler                           0x080002cb   Thumb Code     0  startup_stm32h743xx.o(.text)
    RTC_Alarm_IRQHandler                     0x080002cb   Thumb Code     0  startup_stm32h743xx.o(.text)
    RTC_WKUP_IRQHandler                      0x080002cb   Thumb Code     0  startup_stm32h743xx.o(.text)
    SAI1_IRQHandler                          0x080002cb   Thumb Code     0  startup_stm32h743xx.o(.text)
    SAI2_IRQHandler                          0x080002cb   Thumb Code     0  startup_stm32h743xx.o(.text)
    SAI3_IRQHandler                          0x080002cb   Thumb Code     0  startup_stm32h743xx.o(.text)
    SAI4_IRQHandler                          0x080002cb   Thumb Code     0  startup_stm32h743xx.o(.text)
    SDMMC1_IRQHandler                        0x080002cb   Thumb Code     0  startup_stm32h743xx.o(.text)
    SDMMC2_IRQHandler                        0x080002cb   Thumb Code     0  startup_stm32h743xx.o(.text)
    SPDIF_RX_IRQHandler                      0x080002cb   Thumb Code     0  startup_stm32h743xx.o(.text)
    SPI1_IRQHandler                          0x080002cb   Thumb Code     0  startup_stm32h743xx.o(.text)
    SPI2_IRQHandler                          0x080002cb   Thumb Code     0  startup_stm32h743xx.o(.text)
    SPI3_IRQHandler                          0x080002cb   Thumb Code     0  startup_stm32h743xx.o(.text)
    SPI4_IRQHandler                          0x080002cb   Thumb Code     0  startup_stm32h743xx.o(.text)
    SPI5_IRQHandler                          0x080002cb   Thumb Code     0  startup_stm32h743xx.o(.text)
    SPI6_IRQHandler                          0x080002cb   Thumb Code     0  startup_stm32h743xx.o(.text)
    SWPMI1_IRQHandler                        0x080002cb   Thumb Code     0  startup_stm32h743xx.o(.text)
    TAMP_STAMP_IRQHandler                    0x080002cb   Thumb Code     0  startup_stm32h743xx.o(.text)
    TIM15_IRQHandler                         0x080002cb   Thumb Code     0  startup_stm32h743xx.o(.text)
    TIM16_IRQHandler                         0x080002cb   Thumb Code     0  startup_stm32h743xx.o(.text)
    TIM17_IRQHandler                         0x080002cb   Thumb Code     0  startup_stm32h743xx.o(.text)
    TIM1_BRK_IRQHandler                      0x080002cb   Thumb Code     0  startup_stm32h743xx.o(.text)
    TIM1_CC_IRQHandler                       0x080002cb   Thumb Code     0  startup_stm32h743xx.o(.text)
    TIM1_TRG_COM_IRQHandler                  0x080002cb   Thumb Code     0  startup_stm32h743xx.o(.text)
    TIM1_UP_IRQHandler                       0x080002cb   Thumb Code     0  startup_stm32h743xx.o(.text)
    TIM2_IRQHandler                          0x080002cb   Thumb Code     0  startup_stm32h743xx.o(.text)
    TIM3_IRQHandler                          0x080002cb   Thumb Code     0  startup_stm32h743xx.o(.text)
    TIM4_IRQHandler                          0x080002cb   Thumb Code     0  startup_stm32h743xx.o(.text)
    TIM5_IRQHandler                          0x080002cb   Thumb Code     0  startup_stm32h743xx.o(.text)
    TIM8_BRK_TIM12_IRQHandler                0x080002cb   Thumb Code     0  startup_stm32h743xx.o(.text)
    TIM8_CC_IRQHandler                       0x080002cb   Thumb Code     0  startup_stm32h743xx.o(.text)
    TIM8_TRG_COM_TIM14_IRQHandler            0x080002cb   Thumb Code     0  startup_stm32h743xx.o(.text)
    TIM8_UP_TIM13_IRQHandler                 0x080002cb   Thumb Code     0  startup_stm32h743xx.o(.text)
    UART4_IRQHandler                         0x080002cb   Thumb Code     0  startup_stm32h743xx.o(.text)
    UART5_IRQHandler                         0x080002cb   Thumb Code     0  startup_stm32h743xx.o(.text)
    UART8_IRQHandler                         0x080002cb   Thumb Code     0  startup_stm32h743xx.o(.text)
    USART1_IRQHandler                        0x080002cb   Thumb Code     0  startup_stm32h743xx.o(.text)
    USART2_IRQHandler                        0x080002cb   Thumb Code     0  startup_stm32h743xx.o(.text)
    USART3_IRQHandler                        0x080002cb   Thumb Code     0  startup_stm32h743xx.o(.text)
    USART6_IRQHandler                        0x080002cb   Thumb Code     0  startup_stm32h743xx.o(.text)
    WAKEUP_PIN_IRQHandler                    0x080002cb   Thumb Code     0  startup_stm32h743xx.o(.text)
    WWDG_IRQHandler                          0x080002cb   Thumb Code     0  startup_stm32h743xx.o(.text)
    __aeabi_uldivmod                         0x080002d9   Thumb Code    98  uldiv.o(.text)
    abs                                      0x0800033b   Thumb Code     8  siabs.o(.text)
    __aeabi_memset                           0x08000343   Thumb Code    14  memseta.o(.text)
    __aeabi_memset4                          0x08000343   Thumb Code     0  memseta.o(.text)
    __aeabi_memset8                          0x08000343   Thumb Code     0  memseta.o(.text)
    __aeabi_memclr                           0x08000351   Thumb Code     4  memseta.o(.text)
    __aeabi_memclr4                          0x08000351   Thumb Code     0  memseta.o(.text)
    __aeabi_memclr8                          0x08000351   Thumb Code     0  memseta.o(.text)
    _memset$wrapper                          0x08000355   Thumb Code    18  memseta.o(.text)
    __aeabi_uidiv                            0x08000367   Thumb Code     0  uidiv.o(.text)
    __aeabi_uidivmod                         0x08000367   Thumb Code    44  uidiv.o(.text)
    __aeabi_llsl                             0x08000393   Thumb Code    30  llshl.o(.text)
    _ll_shift_l                              0x08000393   Thumb Code     0  llshl.o(.text)
    __aeabi_llsr                             0x080003b1   Thumb Code    32  llushr.o(.text)
    _ll_ushift_r                             0x080003b1   Thumb Code     0  llushr.o(.text)
    __I$use$fp                               0x080003d1   Thumb Code     0  iusefp.o(.text)
    __aeabi_dadd                             0x080003d1   Thumb Code   322  dadd.o(.text)
    __aeabi_dsub                             0x08000513   Thumb Code     6  dadd.o(.text)
    __aeabi_drsub                            0x08000519   Thumb Code     6  dadd.o(.text)
    __aeabi_dmul                             0x0800051f   Thumb Code   228  dmul.o(.text)
    __aeabi_ddiv                             0x08000603   Thumb Code   222  ddiv.o(.text)
    __aeabi_d2ulz                            0x080006e1   Thumb Code    48  dfixul.o(.text)
    __aeabi_cdrcmple                         0x08000711   Thumb Code    48  cdrcmple.o(.text)
    __scatterload                            0x08000741   Thumb Code    28  init.o(.text)
    __scatterload_rt2                        0x08000741   Thumb Code     0  init.o(.text)
    __aeabi_lasr                             0x08000765   Thumb Code    36  llsshr.o(.text)
    _ll_sshift_r                             0x08000765   Thumb Code     0  llsshr.o(.text)
    _double_round                            0x08000789   Thumb Code    30  depilogue.o(.text)
    _double_epilogue                         0x080007a7   Thumb Code   156  depilogue.o(.text)
    ADC_ConfigureBoostMode                   0x08000849   Thumb Code   536  stm32h7xx_hal_adc.o(.text.ADC_ConfigureBoostMode)
    ADC_ConversionStop                       0x08000a61   Thumb Code   402  stm32h7xx_hal_adc.o(.text.ADC_ConversionStop)
    ADC_DMAConvCplt                          0x08000bf9   Thumb Code   210  stm32h7xx_hal_adc.o(.text.ADC_DMAConvCplt)
    ADC_DMAError                             0x08000cd1   Thumb Code    42  stm32h7xx_hal_adc.o(.text.ADC_DMAError)
    ADC_DMAHalfConvCplt                      0x08000d01   Thumb Code    22  stm32h7xx_hal_adc.o(.text.ADC_DMAHalfConvCplt)
    ADC_Disable                              0x08000d19   Thumb Code   196  stm32h7xx_hal_adc.o(.text.ADC_Disable)
    ADC_Enable                               0x08000de1   Thumb Code   328  stm32h7xx_hal_adc.o(.text.ADC_Enable)
    BusFault_Handler                         0x08000f29   Thumb Code     4  stm32h7xx_it.o(.text.BusFault_Handler)
    DMA1_Stream0_IRQHandler                  0x08000f31   Thumb Code    16  stm32h7xx_it.o(.text.DMA1_Stream0_IRQHandler)
    DebugMon_Handler                         0x080019c1   Thumb Code     2  stm32h7xx_it.o(.text.DebugMon_Handler)
    Error_Handler                            0x080019c9   Thumb Code    14  main.o(.text.Error_Handler)
    ExitRun0Mode                             0x080019d9   Thumb Code    40  system_stm32h7xx.o(.text.ExitRun0Mode)
    FFT                                      0x08001a01   Thumb Code   984  xfft.o(.text.FFT)
    FFT_Init                                 0x08001dd9   Thumb Code   328  xfft.o(.text.FFT_Init)
    FindPoint                                0x08001f21   Thumb Code   114  main.o(.text.FindPoint)
    FindWave                                 0x08001f99   Thumb Code  1000  main.o(.text.FindWave)
    HAL_ADCEx_Calibration_Start              0x08002381   Thumb Code   228  stm32h7xx_hal_adc_ex.o(.text.HAL_ADCEx_Calibration_Start)
    HAL_ADCEx_MultiModeConfigChannel         0x08002469   Thumb Code   658  stm32h7xx_hal_adc_ex.o(.text.HAL_ADCEx_MultiModeConfigChannel)
    HAL_ADC_ConfigChannel                    0x08002701   Thumb Code  2162  stm32h7xx_hal_adc.o(.text.HAL_ADC_ConfigChannel)
    HAL_ADC_ConvCpltCallback                 0x08002f79   Thumb Code    76  main.o(.text.HAL_ADC_ConvCpltCallback)
    HAL_ADC_ConvHalfCpltCallback             0x08002fc9   Thumb Code     8  stm32h7xx_hal_adc.o(.text.HAL_ADC_ConvHalfCpltCallback)
    HAL_ADC_ErrorCallback                    0x08002fd1   Thumb Code     8  stm32h7xx_hal_adc.o(.text.HAL_ADC_ErrorCallback)
    HAL_ADC_Init                             0x08002fd9   Thumb Code   968  stm32h7xx_hal_adc.o(.text.HAL_ADC_Init)
    HAL_ADC_MspInit                          0x080033a1   Thumb Code   278  adc.o(.text.HAL_ADC_MspInit)
    HAL_ADC_Start_DMA                        0x080034b9   Thumb Code   476  stm32h7xx_hal_adc.o(.text.HAL_ADC_Start_DMA)
    HAL_ADC_Stop_DMA                         0x08003699   Thumb Code   224  stm32h7xx_hal_adc.o(.text.HAL_ADC_Stop_DMA)
    HAL_DMA_Abort                            0x08003779   Thumb Code  2424  stm32h7xx_hal_dma.o(.text.HAL_DMA_Abort)
    HAL_DMA_Abort_IT                         0x080040f1   Thumb Code  1706  stm32h7xx_hal_dma.o(.text.HAL_DMA_Abort_IT)
    HAL_DMA_IRQHandler                       0x080047a1   Thumb Code  4544  stm32h7xx_hal_dma.o(.text.HAL_DMA_IRQHandler)
    HAL_DMA_Init                             0x08005961   Thumb Code  2404  stm32h7xx_hal_dma.o(.text.HAL_DMA_Init)
    HAL_DMA_Start_IT                         0x080062c9   Thumb Code  1794  stm32h7xx_hal_dma.o(.text.HAL_DMA_Start_IT)
    HAL_GPIO_Init                            0x080069d1   Thumb Code   964  stm32h7xx_hal_gpio.o(.text.HAL_GPIO_Init)
    HAL_GetREVID                             0x08006d99   Thumb Code    14  stm32h7xx_hal.o(.text.HAL_GetREVID)
    HAL_GetTick                              0x08006da9   Thumb Code    12  stm32h7xx_hal.o(.text.HAL_GetTick)
    HAL_IncTick                              0x08006db9   Thumb Code    26  stm32h7xx_hal.o(.text.HAL_IncTick)
    HAL_Init                                 0x08006dd9   Thumb Code   122  stm32h7xx_hal.o(.text.HAL_Init)
    HAL_InitTick                             0x08006e59   Thumb Code   134  stm32h7xx_hal.o(.text.HAL_InitTick)
    HAL_MPU_ConfigRegion                     0x08006ee1   Thumb Code   128  stm32h7xx_hal_cortex.o(.text.HAL_MPU_ConfigRegion)
    HAL_MPU_Disable                          0x08006f61   Thumb Code    34  stm32h7xx_hal_cortex.o(.text.HAL_MPU_Disable)
    HAL_MPU_Enable                           0x08006f89   Thumb Code    48  stm32h7xx_hal_cortex.o(.text.HAL_MPU_Enable)
    HAL_MspInit                              0x08006fb9   Thumb Code    36  stm32h7xx_hal_msp.o(.text.HAL_MspInit)
    HAL_NVIC_EnableIRQ                       0x08006fe1   Thumb Code    20  stm32h7xx_hal_cortex.o(.text.HAL_NVIC_EnableIRQ)
    HAL_NVIC_SetPriority                     0x08006ff9   Thumb Code    46  stm32h7xx_hal_cortex.o(.text.HAL_NVIC_SetPriority)
    HAL_NVIC_SetPriorityGrouping             0x08007029   Thumb Code    16  stm32h7xx_hal_cortex.o(.text.HAL_NVIC_SetPriorityGrouping)
    HAL_PWREx_ConfigSupply                   0x08007039   Thumb Code   162  stm32h7xx_hal_pwr_ex.o(.text.HAL_PWREx_ConfigSupply)
    HAL_RCCEx_GetD3PCLK1Freq                 0x080070e1   Thumb Code    38  stm32h7xx_hal_rcc_ex.o(.text.HAL_RCCEx_GetD3PCLK1Freq)
    HAL_RCCEx_GetPLL1ClockFreq               0x08007109   Thumb Code   684  stm32h7xx_hal_rcc_ex.o(.text.HAL_RCCEx_GetPLL1ClockFreq)
    HAL_RCCEx_GetPLL2ClockFreq               0x080073b9   Thumb Code   684  stm32h7xx_hal_rcc_ex.o(.text.HAL_RCCEx_GetPLL2ClockFreq)
    HAL_RCCEx_GetPLL3ClockFreq               0x08007669   Thumb Code   684  stm32h7xx_hal_rcc_ex.o(.text.HAL_RCCEx_GetPLL3ClockFreq)
    HAL_RCCEx_GetPeriphCLKFreq               0x08007919   Thumb Code  3146  stm32h7xx_hal_rcc_ex.o(.text.HAL_RCCEx_GetPeriphCLKFreq)
    HAL_RCCEx_PeriphCLKConfig                0x08008569   Thumb Code  4256  stm32h7xx_hal_rcc_ex.o(.text.HAL_RCCEx_PeriphCLKConfig)
    HAL_RCC_ClockConfig                      0x08009609   Thumb Code  1176  stm32h7xx_hal_rcc.o(.text.HAL_RCC_ClockConfig)
    HAL_RCC_GetHCLKFreq                      0x08009aa1   Thumb Code    86  stm32h7xx_hal_rcc.o(.text.HAL_RCC_GetHCLKFreq)
    HAL_RCC_GetPCLK1Freq                     0x08009af9   Thumb Code    38  stm32h7xx_hal_rcc.o(.text.HAL_RCC_GetPCLK1Freq)
    HAL_RCC_GetPCLK2Freq                     0x08009b21   Thumb Code    38  stm32h7xx_hal_rcc.o(.text.HAL_RCC_GetPCLK2Freq)
    HAL_RCC_GetSysClockFreq                  0x08009b49   Thumb Code   784  stm32h7xx_hal_rcc.o(.text.HAL_RCC_GetSysClockFreq)
    HAL_RCC_OscConfig                        0x08009e59   Thumb Code  2904  stm32h7xx_hal_rcc.o(.text.HAL_RCC_OscConfig)
    HAL_SYSTICK_Config                       0x0800a9b1   Thumb Code    16  stm32h7xx_hal_cortex.o(.text.HAL_SYSTICK_Config)
    HAL_TIMEx_Break2Callback                 0x0800a9c1   Thumb Code     8  stm32h7xx_hal_tim_ex.o(.text.HAL_TIMEx_Break2Callback)
    HAL_TIMEx_BreakCallback                  0x0800a9c9   Thumb Code     8  stm32h7xx_hal_tim_ex.o(.text.HAL_TIMEx_BreakCallback)
    HAL_TIMEx_CommutCallback                 0x0800a9d1   Thumb Code     8  stm32h7xx_hal_tim_ex.o(.text.HAL_TIMEx_CommutCallback)
    HAL_TIMEx_MasterConfigSynchronization    0x0800a9d9   Thumb Code   344  stm32h7xx_hal_tim_ex.o(.text.HAL_TIMEx_MasterConfigSynchronization)
    HAL_TIM_Base_Init                        0x0800ab31   Thumb Code   168  stm32h7xx_hal_tim.o(.text.HAL_TIM_Base_Init)
    HAL_TIM_Base_MspInit                     0x0800abd9   Thumb Code   200  tim.o(.text.HAL_TIM_Base_MspInit)
    HAL_TIM_Base_Start                       0x0800aca1   Thumb Code   248  stm32h7xx_hal_tim.o(.text.HAL_TIM_Base_Start)
    HAL_TIM_Base_Start_IT                    0x0800ad99   Thumb Code   260  stm32h7xx_hal_tim.o(.text.HAL_TIM_Base_Start_IT)
    HAL_TIM_Base_Stop                        0x0800aea1   Thumb Code    70  stm32h7xx_hal_tim.o(.text.HAL_TIM_Base_Stop)
    HAL_TIM_ConfigClockSource                0x0800aee9   Thumb Code   464  stm32h7xx_hal_tim.o(.text.HAL_TIM_ConfigClockSource)
    HAL_TIM_IC_CaptureCallback               0x0800b0b9   Thumb Code     8  stm32h7xx_hal_tim.o(.text.HAL_TIM_IC_CaptureCallback)
    HAL_TIM_IRQHandler                       0x0800b0c1   Thumb Code   592  stm32h7xx_hal_tim.o(.text.HAL_TIM_IRQHandler)
    HAL_TIM_OC_DelayElapsedCallback          0x0800b311   Thumb Code     8  stm32h7xx_hal_tim.o(.text.HAL_TIM_OC_DelayElapsedCallback)
    HAL_TIM_PWM_PulseFinishedCallback        0x0800b319   Thumb Code     8  stm32h7xx_hal_tim.o(.text.HAL_TIM_PWM_PulseFinishedCallback)
    HAL_TIM_PeriodElapsedCallback            0x0800b321   Thumb Code   118  main.o(.text.HAL_TIM_PeriodElapsedCallback)
    HAL_TIM_TriggerCallback                  0x0800b399   Thumb Code     8  stm32h7xx_hal_tim.o(.text.HAL_TIM_TriggerCallback)
    HAL_UARTEx_DisableFifoMode               0x0800b3a1   Thumb Code   124  stm32h7xx_hal_uart_ex.o(.text.HAL_UARTEx_DisableFifoMode)
    HAL_UARTEx_RxEventCallback               0x0800b421   Thumb Code    12  stm32h7xx_hal_uart.o(.text.HAL_UARTEx_RxEventCallback)
    HAL_UARTEx_RxFifoFullCallback            0x0800b431   Thumb Code     8  stm32h7xx_hal_uart_ex.o(.text.HAL_UARTEx_RxFifoFullCallback)
    HAL_UARTEx_SetRxFifoThreshold            0x0800b439   Thumb Code   140  stm32h7xx_hal_uart_ex.o(.text.HAL_UARTEx_SetRxFifoThreshold)
    HAL_UARTEx_SetTxFifoThreshold            0x0800b4c9   Thumb Code   140  stm32h7xx_hal_uart_ex.o(.text.HAL_UARTEx_SetTxFifoThreshold)
    HAL_UARTEx_TxFifoEmptyCallback           0x0800b559   Thumb Code     8  stm32h7xx_hal_uart_ex.o(.text.HAL_UARTEx_TxFifoEmptyCallback)
    HAL_UARTEx_WakeupCallback                0x0800b561   Thumb Code     8  stm32h7xx_hal_uart_ex.o(.text.HAL_UARTEx_WakeupCallback)
    HAL_UART_ErrorCallback                   0x0800b569   Thumb Code     8  stm32h7xx_hal_uart.o(.text.HAL_UART_ErrorCallback)
    HAL_UART_IRQHandler                      0x0800b571   Thumb Code  1790  stm32h7xx_hal_uart.o(.text.HAL_UART_IRQHandler)
    HAL_UART_Init                            0x0800bc71   Thumb Code   170  stm32h7xx_hal_uart.o(.text.HAL_UART_Init)
    HAL_UART_MspInit                         0x0800bd21   Thumb Code   332  usart.o(.text.HAL_UART_MspInit)
    HAL_UART_Transmit                        0x0800be71   Thumb Code   312  stm32h7xx_hal_uart.o(.text.HAL_UART_Transmit)
    HAL_UART_TxCpltCallback                  0x0800bfa9   Thumb Code     8  stm32h7xx_hal_uart.o(.text.HAL_UART_TxCpltCallback)
    HardFault_Handler                        0x0800bfb1   Thumb Code     4  stm32h7xx_it.o(.text.HardFault_Handler)
    MX_ADC1_Init                             0x0800c459   Thumb Code   196  adc.o(.text.MX_ADC1_Init)
    MX_DMA_Init                              0x0800c521   Thumb Code    56  dma.o(.text.MX_DMA_Init)
    MX_GPIO_Init                             0x0800c559   Thumb Code   156  gpio.o(.text.MX_GPIO_Init)
    MX_TIM15_Init                            0x0800c5f9   Thumb Code   140  tim.o(.text.MX_TIM15_Init)
    MX_TIM6_Init                             0x0800c689   Thumb Code    98  tim.o(.text.MX_TIM6_Init)
    MX_TIM7_Init                             0x0800c6f1   Thumb Code    98  tim.o(.text.MX_TIM7_Init)
    MX_UART7_Init                            0x0800c759   Thumb Code   142  usart.o(.text.MX_UART7_Init)
    MX_USART1_UART_Init                      0x0800c7e9   Thumb Code   142  usart.o(.text.MX_USART1_UART_Init)
    MemManage_Handler                        0x0800c879   Thumb Code     4  stm32h7xx_it.o(.text.MemManage_Handler)
    NMI_Handler                              0x0800c881   Thumb Code     4  stm32h7xx_it.o(.text.NMI_Handler)
    PendSV_Handler                           0x0800c8f9   Thumb Code     2  stm32h7xx_it.o(.text.PendSV_Handler)
    SVC_Handler                              0x0800cca1   Thumb Code     2  stm32h7xx_it.o(.text.SVC_Handler)
    SysTick_Handler                          0x0800cd01   Thumb Code     8  stm32h7xx_it.o(.text.SysTick_Handler)
    SystemClock_Config                       0x0800cd09   Thumb Code   230  main.o(.text.SystemClock_Config)
    SystemInit                               0x0800cdf1   Thumb Code   396  system_stm32h7xx.o(.text.SystemInit)
    TIM6_DAC_IRQHandler                      0x0800cf81   Thumb Code    16  stm32h7xx_it.o(.text.TIM6_DAC_IRQHandler)
    TIM7_IRQHandler                          0x0800cf91   Thumb Code    16  stm32h7xx_it.o(.text.TIM7_IRQHandler)
    TIM_Base_SetConfig                       0x0800cfa1   Thumb Code   420  stm32h7xx_hal_tim.o(.text.TIM_Base_SetConfig)
    TIM_ETR_SetConfig                        0x0800d149   Thumb Code    52  stm32h7xx_hal_tim.o(.text.TIM_ETR_SetConfig)
    Triornot                                 0x0800d259   Thumb Code   304  main.o(.text.Triornot)
    TwoOrOne                                 0x0800d389   Thumb Code   368  main.o(.text.TwoOrOne)
    UART7_IRQHandler                         0x0800d4f9   Thumb Code    16  stm32h7xx_it.o(.text.UART7_IRQHandler)
    UART_AdvFeatureConfig                    0x0800d591   Thumb Code   328  stm32h7xx_hal_uart.o(.text.UART_AdvFeatureConfig)
    UART_CheckIdleState                      0x0800d6d9   Thumb Code   326  stm32h7xx_hal_uart.o(.text.UART_CheckIdleState)
    UART_SetConfig                           0x0800d929   Thumb Code  2338  stm32h7xx_hal_uart.o(.text.UART_SetConfig)
    UART_WaitOnFlagUntilTimeout              0x0800e251   Thumb Code   268  stm32h7xx_hal_uart.o(.text.UART_WaitOnFlagUntilTimeout)
    UsageFault_Handler                       0x0800e361   Thumb Code     4  stm32h7xx_it.o(.text.UsageFault_Handler)
    fputc                                    0x0800e431   Thumb Code    34  usart.o(.text.fputc)
    main                                     0x0800e459   Thumb Code   516  main.o(.text.main)
    __0printf                                0x0800e65d   Thumb Code    22  printfa.o(i.__0printf)
    __1printf                                0x0800e65d   Thumb Code     0  printfa.o(i.__0printf)
    __2printf                                0x0800e65d   Thumb Code     0  printfa.o(i.__0printf)
    __c89printf                              0x0800e65d   Thumb Code     0  printfa.o(i.__0printf)
    printf                                   0x0800e65d   Thumb Code     0  printfa.o(i.__0printf)
    __ARM_fpclassify                         0x0800e67d   Thumb Code    48  fpclassify.o(i.__ARM_fpclassify)
    __hardfp_atan                            0x0800e6b1   Thumb Code   402  atan.o(i.__hardfp_atan)
    __hardfp_cos                             0x0800e889   Thumb Code   158  cos.o(i.__hardfp_cos)
    __hardfp_sin                             0x0800e939   Thumb Code   158  sin.o(i.__hardfp_sin)
    __hardfp_sqrtf                           0x0800e9e9   Thumb Code    58  sqrtf.o(i.__hardfp_sqrtf)
    __ieee754_rem_pio2                       0x0800ea29   Thumb Code   646  rred.o(i.__ieee754_rem_pio2)
    __kernel_cos                             0x0800ed31   Thumb Code   182  cos_i.o(i.__kernel_cos)
    __kernel_poly                            0x0800edf5   Thumb Code   112  poly.o(i.__kernel_poly)
    __kernel_sin                             0x0800ee69   Thumb Code   144  sin_i.o(i.__kernel_sin)
    __mathlib_dbl_infnan                     0x0800ef09   Thumb Code     6  dunder.o(i.__mathlib_dbl_infnan)
    __mathlib_dbl_invalid                    0x0800ef11   Thumb Code    10  dunder.o(i.__mathlib_dbl_invalid)
    __mathlib_dbl_underflow                  0x0800ef29   Thumb Code    10  dunder.o(i.__mathlib_dbl_underflow)
    __scatterload_copy                       0x0800ef41   Thumb Code    14  handlers.o(i.__scatterload_copy)
    __scatterload_null                       0x0800ef4f   Thumb Code     2  handlers.o(i.__scatterload_null)
    __scatterload_zeroinit                   0x0800ef51   Thumb Code    14  handlers.o(i.__scatterload_zeroinit)
    __set_errno                              0x0800ef61   Thumb Code     6  errno.o(i.__set_errno)
    fabs                                     0x0800f81f   Thumb Code    24  fabs.o(i.fabs)
    free                                     0x0800f839   Thumb Code    76  malloc.o(i.free)
    D1CorePrescTable                         0x0800fa48   Data          16  system_stm32h7xx.o(.rodata.D1CorePrescTable)
    UARTPrescTable                           0x0800fa70   Data          24  stm32h7xx_hal_uart.o(.rodata.UARTPrescTable)
    Region$$Table$$Base                      0x0800fae0   Number         0  anon$$obj.o(Region$$Table)
    Region$$Table$$Limit                     0x0800fb00   Number         0  anon$$obj.o(Region$$Table)
    __stdout                                 0x20000000   Data           4  stdout.o(.data)
    __microlib_freelist                      0x20000004   Data           4  mvars.o(.data)
    SystemCoreClock                          0x20000010   Data           4  system_stm32h7xx.o(.data.SystemCoreClock)
    SystemD2Clock                            0x20000014   Data           4  system_stm32h7xx.o(.data.SystemD2Clock)
    boxlength                                0x20000018   Data           4  main.o(.data.boxlength)
    uwTickFreq                               0x2000001c   Data           1  stm32h7xx_hal.o(.data.uwTickFreq)
    uwTickPrio                               0x20000020   Data           4  stm32h7xx_hal.o(.data.uwTickPrio)
    waveptarr                                0x20000024   Data         168  main.o(.data.waveptarr)
    AdcConvEnd                               0x200000d0   Data           1  main.o(.bss.AdcConvEnd)
    Forcal                                   0x200000e0   Data       32768  main.o(.bss.Forcal)
    WaveS1                                   0x200080e0   Data           4  main.o(.bss.WaveS1)
    WaveS2                                   0x200080e4   Data           4  main.o(.bss.WaveS2)
    Wavemax1                                 0x200080e8   Data           4  main.o(.bss.Wavemax1)
    Wavemax2                                 0x200080ec   Data           4  main.o(.bss.Wavemax2)
    calinfw                                  0x200080f0   Data       32768  main.o(.bss.calinfw)
    frediffornot                             0x200100f0   Data           4  main.o(.bss.frediffornot)
    hadc1                                    0x200100f4   Data         100  adc.o(.bss.hadc1)
    hdma_adc1                                0x20010158   Data         120  adc.o(.bss.hdma_adc1)
    htim15                                   0x200101d0   Data          76  tim.o(.bss.htim15)
    htim6                                    0x2001021c   Data          76  tim.o(.bss.htim6)
    htim7                                    0x20010268   Data          76  tim.o(.bss.htim7)
    huart1                                   0x200102b4   Data         148  usart.o(.bss.huart1)
    huart7                                   0x20010348   Data         148  usart.o(.bss.huart7)
    uwTick                                   0x200103dc   Data           4  stm32h7xx_hal.o(.bss.uwTick)
    __initial_sp                             0x200177e0   Data           0  startup_stm32h743xx.o(STACK)
    q                                        0x24000000   Data       65536  xfft.o(.ARM.__at_0x24000000)
    q1                                       0x24040000   Data       65536  xfft.o(.ARM.__at_0x24040000)
    adc1_data                                0x30000000   Data       16384  main.o(.ARM.__at_0x30000000)



==============================================================================

Memory Map of the image

  Image Entry point : 0x08000299

  Load Region LR_IROM1 (Base: 0x08000000, Size: 0x0000fbd0, Max: 0x00200000, ABSOLUTE)

    Execution Region ER_IROM1 (Exec base: 0x08000000, Load base: 0x08000000, Size: 0x0000fb00, Max: 0x00200000, ABSOLUTE)

    Exec Addr    Load Addr    Size         Type   Attr      Idx    E Section Name        Object

    0x08000000   0x08000000   0x00000298   Data   RO            3    RESET               startup_stm32h743xx.o
    0x08000298   0x08000298   0x00000000   Code   RO         1958  * .ARM.Collect$$$$00000000  mc_w.l(entry.o)
    0x08000298   0x08000298   0x00000004   Code   RO         2060    .ARM.Collect$$$$00000001  mc_w.l(entry2.o)
    0x0800029c   0x0800029c   0x00000004   Code   RO         2063    .ARM.Collect$$$$00000004  mc_w.l(entry5.o)
    0x080002a0   0x080002a0   0x00000000   Code   RO         2065    .ARM.Collect$$$$00000008  mc_w.l(entry7b.o)
    0x080002a0   0x080002a0   0x00000000   Code   RO         2067    .ARM.Collect$$$$0000000A  mc_w.l(entry8b.o)
    0x080002a0   0x080002a0   0x00000008   Code   RO         2068    .ARM.Collect$$$$0000000B  mc_w.l(entry9a.o)
    0x080002a8   0x080002a8   0x00000000   Code   RO         2070    .ARM.Collect$$$$0000000D  mc_w.l(entry10a.o)
    0x080002a8   0x080002a8   0x00000000   Code   RO         2072    .ARM.Collect$$$$0000000F  mc_w.l(entry11a.o)
    0x080002a8   0x080002a8   0x00000004   Code   RO         2061    .ARM.Collect$$$$00002712  mc_w.l(entry2.o)
    0x080002ac   0x080002ac   0x0000002c   Code   RO            4    .text               startup_stm32h743xx.o
    0x080002d8   0x080002d8   0x00000062   Code   RO         1961    .text               mc_w.l(uldiv.o)
    0x0800033a   0x0800033a   0x00000008   Code   RO         1963    .text               mc_w.l(siabs.o)
    0x08000342   0x08000342   0x00000024   Code   RO         1967    .text               mc_w.l(memseta.o)
    0x08000366   0x08000366   0x0000002c   Code   RO         2084    .text               mc_w.l(uidiv.o)
    0x08000392   0x08000392   0x0000001e   Code   RO         2086    .text               mc_w.l(llshl.o)
    0x080003b0   0x080003b0   0x00000020   Code   RO         2088    .text               mc_w.l(llushr.o)
    0x080003d0   0x080003d0   0x00000000   Code   RO         2103    .text               mc_w.l(iusefp.o)
    0x080003d0   0x080003d0   0x0000014e   Code   RO         2104    .text               mf_w.l(dadd.o)
    0x0800051e   0x0800051e   0x000000e4   Code   RO         2106    .text               mf_w.l(dmul.o)
    0x08000602   0x08000602   0x000000de   Code   RO         2108    .text               mf_w.l(ddiv.o)
    0x080006e0   0x080006e0   0x00000030   Code   RO         2110    .text               mf_w.l(dfixul.o)
    0x08000710   0x08000710   0x00000030   Code   RO         2112    .text               mf_w.l(cdrcmple.o)
    0x08000740   0x08000740   0x00000024   Code   RO         2114    .text               mc_w.l(init.o)
    0x08000764   0x08000764   0x00000024   Code   RO         2116    .text               mc_w.l(llsshr.o)
    0x08000788   0x08000788   0x000000ba   Code   RO         2118    .text               mf_w.l(depilogue.o)
    0x08000842   0x08000842   0x00000006   PAD
    0x08000848   0x08000848   0x00000218   Code   RO          191    .text.ADC_ConfigureBoostMode  stm32h7xx_hal_adc.o
    0x08000a60   0x08000a60   0x00000192   Code   RO          195    .text.ADC_ConversionStop  stm32h7xx_hal_adc.o
    0x08000bf2   0x08000bf2   0x00000006   PAD
    0x08000bf8   0x08000bf8   0x000000d2   Code   RO          225    .text.ADC_DMAConvCplt  stm32h7xx_hal_adc.o
    0x08000cca   0x08000cca   0x00000006   PAD
    0x08000cd0   0x08000cd0   0x0000002a   Code   RO          229    .text.ADC_DMAError  stm32h7xx_hal_adc.o
    0x08000cfa   0x08000cfa   0x00000006   PAD
    0x08000d00   0x08000d00   0x00000016   Code   RO          227    .text.ADC_DMAHalfConvCplt  stm32h7xx_hal_adc.o
    0x08000d16   0x08000d16   0x00000002   PAD
    0x08000d18   0x08000d18   0x000000c4   Code   RO          197    .text.ADC_Disable   stm32h7xx_hal_adc.o
    0x08000ddc   0x08000ddc   0x00000004   PAD
    0x08000de0   0x08000de0   0x00000148   Code   RO          205    .text.ADC_Enable    stm32h7xx_hal_adc.o
    0x08000f28   0x08000f28   0x00000004   Code   RO          136    .text.BusFault_Handler  stm32h7xx_it.o
    0x08000f2c   0x08000f2c   0x00000004   PAD
    0x08000f30   0x08000f30   0x00000010   Code   RO          148    .text.DMA1_Stream0_IRQHandler  stm32h7xx_it.o
    0x08000f40   0x08000f40   0x000001ca   Code   RO          686    .text.DMA_CalcBaseAndBitshift  stm32h7xx_hal_dma.o
    0x0800110a   0x0800110a   0x00000006   PAD
    0x08001110   0x08001110   0x00000178   Code   RO          688    .text.DMA_CalcDMAMUXChannelBaseAndMask  stm32h7xx_hal_dma.o
    0x08001288   0x08001288   0x0000012a   Code   RO          690    .text.DMA_CalcDMAMUXRequestGenBaseAndMask  stm32h7xx_hal_dma.o
    0x080013b2   0x080013b2   0x00000006   PAD
    0x080013b8   0x080013b8   0x000000f0   Code   RO          684    .text.DMA_CheckFifoParam  stm32h7xx_hal_dma.o
    0x080014a8   0x080014a8   0x00000514   Code   RO          696    .text.DMA_SetConfig  stm32h7xx_hal_dma.o
    0x080019bc   0x080019bc   0x00000004   PAD
    0x080019c0   0x080019c0   0x00000002   Code   RO          142    .text.DebugMon_Handler  stm32h7xx_it.o
    0x080019c2   0x080019c2   0x00000006   PAD
    0x080019c8   0x080019c8   0x0000000e   Code   RO           29    .text.Error_Handler  main.o
    0x080019d6   0x080019d6   0x00000002   PAD
    0x080019d8   0x080019d8   0x00000028   Code   RO         1886    .text.ExitRun0Mode  system_stm32h7xx.o
    0x08001a00   0x08001a00   0x000003d8   Code   RO         1867    .text.FFT           xfft.o
    0x08001dd8   0x08001dd8   0x00000148   Code   RO         1865    .text.FFT_Init      xfft.o
    0x08001f20   0x08001f20   0x00000072   Code   RO           13    .text.FindPoint     main.o
    0x08001f92   0x08001f92   0x00000006   PAD
    0x08001f98   0x08001f98   0x000003e8   Code   RO           17    .text.FindWave      main.o
    0x08002380   0x08002380   0x000000e4   Code   RO          312    .text.HAL_ADCEx_Calibration_Start  stm32h7xx_hal_adc_ex.o
    0x08002464   0x08002464   0x00000004   PAD
    0x08002468   0x08002468   0x00000292   Code   RO          410    .text.HAL_ADCEx_MultiModeConfigChannel  stm32h7xx_hal_adc_ex.o
    0x080026fa   0x080026fa   0x00000006   PAD
    0x08002700   0x08002700   0x00000872   Code   RO          249    .text.HAL_ADC_ConfigChannel  stm32h7xx_hal_adc.o
    0x08002f72   0x08002f72   0x00000006   PAD
    0x08002f78   0x08002f78   0x0000004c   Code   RO           21    .text.HAL_ADC_ConvCpltCallback  main.o
    0x08002fc4   0x08002fc4   0x00000004   PAD
    0x08002fc8   0x08002fc8   0x00000008   Code   RO          247    .text.HAL_ADC_ConvHalfCpltCallback  stm32h7xx_hal_adc.o
    0x08002fd0   0x08002fd0   0x00000008   Code   RO          245    .text.HAL_ADC_ErrorCallback  stm32h7xx_hal_adc.o
    0x08002fd8   0x08002fd8   0x000003c8   Code   RO          171    .text.HAL_ADC_Init  stm32h7xx_hal_adc.o
    0x080033a0   0x080033a0   0x00000116   Code   RO           61    .text.HAL_ADC_MspInit  adc.o
    0x080034b6   0x080034b6   0x00000002   PAD
    0x080034b8   0x080034b8   0x000001dc   Code   RO          223    .text.HAL_ADC_Start_DMA  stm32h7xx_hal_adc.o
    0x08003694   0x08003694   0x00000004   PAD
    0x08003698   0x08003698   0x000000e0   Code   RO          233    .text.HAL_ADC_Stop_DMA  stm32h7xx_hal_adc.o
    0x08003778   0x08003778   0x00000978   Code   RO          700    .text.HAL_DMA_Abort  stm32h7xx_hal_dma.o
    0x080040f0   0x080040f0   0x000006aa   Code   RO          702    .text.HAL_DMA_Abort_IT  stm32h7xx_hal_dma.o
    0x0800479a   0x0800479a   0x00000006   PAD
    0x080047a0   0x080047a0   0x000011c0   Code   RO          706    .text.HAL_DMA_IRQHandler  stm32h7xx_hal_dma.o
    0x08005960   0x08005960   0x00000964   Code   RO          682    .text.HAL_DMA_Init  stm32h7xx_hal_dma.o
    0x080062c4   0x080062c4   0x00000004   PAD
    0x080062c8   0x080062c8   0x00000702   Code   RO          698    .text.HAL_DMA_Start_IT  stm32h7xx_hal_dma.o
    0x080069ca   0x080069ca   0x00000006   PAD
    0x080069d0   0x080069d0   0x000003c4   Code   RO          630    .text.HAL_GPIO_Init  stm32h7xx_hal_gpio.o
    0x08006d94   0x08006d94   0x00000004   PAD
    0x08006d98   0x08006d98   0x0000000e   Code   RO         1031    .text.HAL_GetREVID  stm32h7xx_hal.o
    0x08006da6   0x08006da6   0x00000002   PAD
    0x08006da8   0x08006da8   0x0000000c   Code   RO         1015    .text.HAL_GetTick   stm32h7xx_hal.o
    0x08006db4   0x08006db4   0x00000004   PAD
    0x08006db8   0x08006db8   0x0000001a   Code   RO         1013    .text.HAL_IncTick   stm32h7xx_hal.o
    0x08006dd2   0x08006dd2   0x00000006   PAD
    0x08006dd8   0x08006dd8   0x0000007a   Code   RO         1003    .text.HAL_Init      stm32h7xx_hal.o
    0x08006e52   0x08006e52   0x00000006   PAD
    0x08006e58   0x08006e58   0x00000086   Code   RO         1005    .text.HAL_InitTick  stm32h7xx_hal.o
    0x08006ede   0x08006ede   0x00000002   PAD
    0x08006ee0   0x08006ee0   0x00000080   Code   RO          962    .text.HAL_MPU_ConfigRegion  stm32h7xx_hal_cortex.o
    0x08006f60   0x08006f60   0x00000022   Code   RO          954    .text.HAL_MPU_Disable  stm32h7xx_hal_cortex.o
    0x08006f82   0x08006f82   0x00000006   PAD
    0x08006f88   0x08006f88   0x00000030   Code   RO          956    .text.HAL_MPU_Enable  stm32h7xx_hal_cortex.o
    0x08006fb8   0x08006fb8   0x00000024   Code   RO          163    .text.HAL_MspInit   stm32h7xx_hal_msp.o
    0x08006fdc   0x08006fdc   0x00000004   PAD
    0x08006fe0   0x08006fe0   0x00000014   Code   RO          938    .text.HAL_NVIC_EnableIRQ  stm32h7xx_hal_cortex.o
    0x08006ff4   0x08006ff4   0x00000004   PAD
    0x08006ff8   0x08006ff8   0x0000002e   Code   RO          930    .text.HAL_NVIC_SetPriority  stm32h7xx_hal_cortex.o
    0x08007026   0x08007026   0x00000002   PAD
    0x08007028   0x08007028   0x00000010   Code   RO          926    .text.HAL_NVIC_SetPriorityGrouping  stm32h7xx_hal_cortex.o
    0x08007038   0x08007038   0x000000a2   Code   RO          839    .text.HAL_PWREx_ConfigSupply  stm32h7xx_hal_pwr_ex.o
    0x080070da   0x080070da   0x00000006   PAD
    0x080070e0   0x080070e0   0x00000026   Code   RO          484    .text.HAL_RCCEx_GetD3PCLK1Freq  stm32h7xx_hal_rcc_ex.o
    0x08007106   0x08007106   0x00000002   PAD
    0x08007108   0x08007108   0x000002ac   Code   RO          478    .text.HAL_RCCEx_GetPLL1ClockFreq  stm32h7xx_hal_rcc_ex.o
    0x080073b4   0x080073b4   0x00000004   PAD
    0x080073b8   0x080073b8   0x000002ac   Code   RO          480    .text.HAL_RCCEx_GetPLL2ClockFreq  stm32h7xx_hal_rcc_ex.o
    0x08007664   0x08007664   0x00000004   PAD
    0x08007668   0x08007668   0x000002ac   Code   RO          482    .text.HAL_RCCEx_GetPLL3ClockFreq  stm32h7xx_hal_rcc_ex.o
    0x08007914   0x08007914   0x00000004   PAD
    0x08007918   0x08007918   0x00000c4a   Code   RO          476    .text.HAL_RCCEx_GetPeriphCLKFreq  stm32h7xx_hal_rcc_ex.o
    0x08008562   0x08008562   0x00000006   PAD
    0x08008568   0x08008568   0x000010a0   Code   RO          468    .text.HAL_RCCEx_PeriphCLKConfig  stm32h7xx_hal_rcc_ex.o
    0x08009608   0x08009608   0x00000498   Code   RO          437    .text.HAL_RCC_ClockConfig  stm32h7xx_hal_rcc.o
    0x08009aa0   0x08009aa0   0x00000056   Code   RO          447    .text.HAL_RCC_GetHCLKFreq  stm32h7xx_hal_rcc.o
    0x08009af6   0x08009af6   0x00000002   PAD
    0x08009af8   0x08009af8   0x00000026   Code   RO          449    .text.HAL_RCC_GetPCLK1Freq  stm32h7xx_hal_rcc.o
    0x08009b1e   0x08009b1e   0x00000002   PAD
    0x08009b20   0x08009b20   0x00000026   Code   RO          451    .text.HAL_RCC_GetPCLK2Freq  stm32h7xx_hal_rcc.o
    0x08009b46   0x08009b46   0x00000002   PAD
    0x08009b48   0x08009b48   0x00000310   Code   RO          439    .text.HAL_RCC_GetSysClockFreq  stm32h7xx_hal_rcc.o
    0x08009e58   0x08009e58   0x00000b58   Code   RO          435    .text.HAL_RCC_OscConfig  stm32h7xx_hal_rcc.o
    0x0800a9b0   0x0800a9b0   0x00000010   Code   RO          950    .text.HAL_SYSTICK_Config  stm32h7xx_hal_cortex.o
    0x0800a9c0   0x0800a9c0   0x00000008   Code   RO         1657    .text.HAL_TIMEx_Break2Callback  stm32h7xx_hal_tim_ex.o
    0x0800a9c8   0x0800a9c8   0x00000008   Code   RO         1655    .text.HAL_TIMEx_BreakCallback  stm32h7xx_hal_tim_ex.o
    0x0800a9d0   0x0800a9d0   0x00000008   Code   RO         1651    .text.HAL_TIMEx_CommutCallback  stm32h7xx_hal_tim_ex.o
    0x0800a9d8   0x0800a9d8   0x00000158   Code   RO         1639    .text.HAL_TIMEx_MasterConfigSynchronization  stm32h7xx_hal_tim_ex.o
    0x0800ab30   0x0800ab30   0x000000a8   Code   RO         1322    .text.HAL_TIM_Base_Init  stm32h7xx_hal_tim.o
    0x0800abd8   0x0800abd8   0x000000c8   Code   RO           89    .text.HAL_TIM_Base_MspInit  tim.o
    0x0800aca0   0x0800aca0   0x000000f8   Code   RO         1332    .text.HAL_TIM_Base_Start  stm32h7xx_hal_tim.o
    0x0800ad98   0x0800ad98   0x00000104   Code   RO         1336    .text.HAL_TIM_Base_Start_IT  stm32h7xx_hal_tim.o
    0x0800ae9c   0x0800ae9c   0x00000004   PAD
    0x0800aea0   0x0800aea0   0x00000046   Code   RO         1334    .text.HAL_TIM_Base_Stop  stm32h7xx_hal_tim.o
    0x0800aee6   0x0800aee6   0x00000002   PAD
    0x0800aee8   0x0800aee8   0x000001d0   Code   RO         1518    .text.HAL_TIM_ConfigClockSource  stm32h7xx_hal_tim.o
    0x0800b0b8   0x0800b0b8   0x00000008   Code   RO         1458    .text.HAL_TIM_IC_CaptureCallback  stm32h7xx_hal_tim.o
    0x0800b0c0   0x0800b0c0   0x00000250   Code   RO         1456    .text.HAL_TIM_IRQHandler  stm32h7xx_hal_tim.o
    0x0800b310   0x0800b310   0x00000008   Code   RO         1460    .text.HAL_TIM_OC_DelayElapsedCallback  stm32h7xx_hal_tim.o
    0x0800b318   0x0800b318   0x00000008   Code   RO         1462    .text.HAL_TIM_PWM_PulseFinishedCallback  stm32h7xx_hal_tim.o
    0x0800b320   0x0800b320   0x00000076   Code   RO           19    .text.HAL_TIM_PeriodElapsedCallback  main.o
    0x0800b396   0x0800b396   0x00000002   PAD
    0x0800b398   0x0800b398   0x00000008   Code   RO         1466    .text.HAL_TIM_TriggerCallback  stm32h7xx_hal_tim.o
    0x0800b3a0   0x0800b3a0   0x0000007c   Code   RO         1840    .text.HAL_UARTEx_DisableFifoMode  stm32h7xx_hal_uart_ex.o
    0x0800b41c   0x0800b41c   0x00000004   PAD
    0x0800b420   0x0800b420   0x0000000c   Code   RO         1764    .text.HAL_UARTEx_RxEventCallback  stm32h7xx_hal_uart.o
    0x0800b42c   0x0800b42c   0x00000004   PAD
    0x0800b430   0x0800b430   0x00000008   Code   RO         1822    .text.HAL_UARTEx_RxFifoFullCallback  stm32h7xx_hal_uart_ex.o
    0x0800b438   0x0800b438   0x0000008c   Code   RO         1844    .text.HAL_UARTEx_SetRxFifoThreshold  stm32h7xx_hal_uart_ex.o
    0x0800b4c4   0x0800b4c4   0x00000004   PAD
    0x0800b4c8   0x0800b4c8   0x0000008c   Code   RO         1842    .text.HAL_UARTEx_SetTxFifoThreshold  stm32h7xx_hal_uart_ex.o
    0x0800b554   0x0800b554   0x00000004   PAD
    0x0800b558   0x0800b558   0x00000008   Code   RO         1824    .text.HAL_UARTEx_TxFifoEmptyCallback  stm32h7xx_hal_uart_ex.o
    0x0800b560   0x0800b560   0x00000008   Code   RO         1820    .text.HAL_UARTEx_WakeupCallback  stm32h7xx_hal_uart_ex.o
    0x0800b568   0x0800b568   0x00000008   Code   RO         1762    .text.HAL_UART_ErrorCallback  stm32h7xx_hal_uart.o
    0x0800b570   0x0800b570   0x000006fe   Code   RO         1758    .text.HAL_UART_IRQHandler  stm32h7xx_hal_uart.o
    0x0800bc6e   0x0800bc6e   0x00000002   PAD
    0x0800bc70   0x0800bc70   0x000000aa   Code   RO         1670    .text.HAL_UART_Init  stm32h7xx_hal_uart.o
    0x0800bd1a   0x0800bd1a   0x00000006   PAD
    0x0800bd20   0x0800bd20   0x0000014c   Code   RO          111    .text.HAL_UART_MspInit  usart.o
    0x0800be6c   0x0800be6c   0x00000004   PAD
    0x0800be70   0x0800be70   0x00000138   Code   RO         1690    .text.HAL_UART_Transmit  stm32h7xx_hal_uart.o
    0x0800bfa8   0x0800bfa8   0x00000008   Code   RO         1768    .text.HAL_UART_TxCpltCallback  stm32h7xx_hal_uart.o
    0x0800bfb0   0x0800bfb0   0x00000004   Code   RO          132    .text.HardFault_Handler  stm32h7xx_it.o
    0x0800bfb4   0x0800bfb4   0x00000004   PAD
    0x0800bfb8   0x0800bfb8   0x0000001c   Code   RO          303    .text.LL_ADC_Disable  stm32h7xx_hal_adc.o
    0x0800bfd4   0x0800bfd4   0x00000004   PAD
    0x0800bfd8   0x0800bfd8   0x00000018   Code   RO          177    .text.LL_ADC_DisableDeepPowerDown  stm32h7xx_hal_adc.o
    0x0800bff0   0x0800bff0   0x0000001c   Code   RO          301    .text.LL_ADC_Enable  stm32h7xx_hal_adc.o
    0x0800c00c   0x0800c00c   0x00000004   PAD
    0x0800c010   0x0800c010   0x0000001e   Code   RO          181    .text.LL_ADC_EnableInternalRegulator  stm32h7xx_hal_adc.o
    0x0800c02e   0x0800c02e   0x00000002   PAD
    0x0800c030   0x0800c030   0x00000010   Code   RO          265    .text.LL_ADC_GetCommonPathInternalCh  stm32h7xx_hal_adc.o
    0x0800c040   0x0800c040   0x00000010   Code   RO          203    .text.LL_ADC_GetMultimode  stm32h7xx_hal_adc.o
    0x0800c050   0x0800c050   0x00000010   Code   RO          189    .text.LL_ADC_INJ_IsConversionOngoing  stm32h7xx_hal_adc.o
    0x0800c060   0x0800c060   0x0000001c   Code   RO          299    .text.LL_ADC_INJ_StopConversion  stm32h7xx_hal_adc.o
    0x0800c07c   0x0800c07c   0x00000004   PAD
    0x0800c080   0x0800c080   0x0000000e   Code   RO          316    .text.LL_ADC_IsCalibrationOnGoing  stm32h7xx_hal_adc_ex.o
    0x0800c08e   0x0800c08e   0x00000002   PAD
    0x0800c090   0x0800c090   0x00000010   Code   RO          175    .text.LL_ADC_IsDeepPowerDownEnabled  stm32h7xx_hal_adc.o
    0x0800c0a0   0x0800c0a0   0x00000010   Code   RO          295    .text.LL_ADC_IsDisableOngoing  stm32h7xx_hal_adc.o
    0x0800c0b0   0x0800c0b0   0x00000010   Code   RO          185    .text.LL_ADC_IsEnabled  stm32h7xx_hal_adc.o
    0x0800c0c0   0x0800c0c0   0x00000010   Code   RO          324    .text.LL_ADC_IsEnabled  stm32h7xx_hal_adc_ex.o
    0x0800c0d0   0x0800c0d0   0x00000010   Code   RO          179    .text.LL_ADC_IsInternalRegulatorEnabled  stm32h7xx_hal_adc.o
    0x0800c0e0   0x0800c0e0   0x00000010   Code   RO          183    .text.LL_ADC_REG_IsConversionOngoing  stm32h7xx_hal_adc.o
    0x0800c0f0   0x0800c0f0   0x00000010   Code   RO          326    .text.LL_ADC_REG_IsConversionOngoing  stm32h7xx_hal_adc_ex.o
    0x0800c100   0x0800c100   0x00000016   Code   RO          215    .text.LL_ADC_REG_IsTriggerSourceSWStart  stm32h7xx_hal_adc.o
    0x0800c116   0x0800c116   0x00000002   PAD
    0x0800c118   0x0800c118   0x0000001a   Code   RO          231    .text.LL_ADC_REG_SetDataTransferMode  stm32h7xx_hal_adc.o
    0x0800c132   0x0800c132   0x00000006   PAD
    0x0800c138   0x0800c138   0x0000003a   Code   RO          251    .text.LL_ADC_REG_SetSequencerRanks  stm32h7xx_hal_adc.o
    0x0800c172   0x0800c172   0x00000006   PAD
    0x0800c178   0x0800c178   0x0000001c   Code   RO          207    .text.LL_ADC_REG_StartConversion  stm32h7xx_hal_adc.o
    0x0800c194   0x0800c194   0x00000004   PAD
    0x0800c198   0x0800c198   0x0000001c   Code   RO          297    .text.LL_ADC_REG_StopConversion  stm32h7xx_hal_adc.o
    0x0800c1b4   0x0800c1b4   0x00000004   PAD
    0x0800c1b8   0x0800c1b8   0x0000005a   Code   RO          263    .text.LL_ADC_SetChannelPreselection  stm32h7xx_hal_adc.o
    0x0800c212   0x0800c212   0x00000006   PAD
    0x0800c218   0x0800c218   0x00000036   Code   RO          253    .text.LL_ADC_SetChannelSamplingTime  stm32h7xx_hal_adc.o
    0x0800c24e   0x0800c24e   0x00000002   PAD
    0x0800c250   0x0800c250   0x00000034   Code   RO          261    .text.LL_ADC_SetChannelSingleDiff  stm32h7xx_hal_adc.o
    0x0800c284   0x0800c284   0x00000004   PAD
    0x0800c288   0x0800c288   0x0000001a   Code   RO          187    .text.LL_ADC_SetCommonClock  stm32h7xx_hal_adc.o
    0x0800c2a2   0x0800c2a2   0x00000006   PAD
    0x0800c2a8   0x0800c2a8   0x0000001a   Code   RO          267    .text.LL_ADC_SetCommonPathInternalCh  stm32h7xx_hal_adc.o
    0x0800c2c2   0x0800c2c2   0x00000006   PAD
    0x0800c2c8   0x0800c2c8   0x00000024   Code   RO          259    .text.LL_ADC_SetDataRightShift  stm32h7xx_hal_adc.o
    0x0800c2ec   0x0800c2ec   0x00000004   PAD
    0x0800c2f0   0x0800c2f0   0x00000032   Code   RO          255    .text.LL_ADC_SetOffset  stm32h7xx_hal_adc.o
    0x0800c322   0x0800c322   0x00000006   PAD
    0x0800c328   0x0800c328   0x00000028   Code   RO          257    .text.LL_ADC_SetOffsetSignedSaturation  stm32h7xx_hal_adc.o
    0x0800c350   0x0800c350   0x00000032   Code   RO          314    .text.LL_ADC_StartCalibration  stm32h7xx_hal_adc_ex.o
    0x0800c382   0x0800c382   0x00000006   PAD
    0x0800c388   0x0800c388   0x000000ca   Code   RO           25    .text.MPU_Config    main.o
    0x0800c452   0x0800c452   0x00000006   PAD
    0x0800c458   0x0800c458   0x000000c4   Code   RO           59    .text.MX_ADC1_Init  adc.o
    0x0800c51c   0x0800c51c   0x00000004   PAD
    0x0800c520   0x0800c520   0x00000038   Code   RO           74    .text.MX_DMA_Init   dma.o
    0x0800c558   0x0800c558   0x0000009c   Code   RO           51    .text.MX_GPIO_Init  gpio.o
    0x0800c5f4   0x0800c5f4   0x00000004   PAD
    0x0800c5f8   0x0800c5f8   0x0000008c   Code   RO           87    .text.MX_TIM15_Init  tim.o
    0x0800c684   0x0800c684   0x00000004   PAD
    0x0800c688   0x0800c688   0x00000062   Code   RO           83    .text.MX_TIM6_Init  tim.o
    0x0800c6ea   0x0800c6ea   0x00000006   PAD
    0x0800c6f0   0x0800c6f0   0x00000062   Code   RO           85    .text.MX_TIM7_Init  tim.o
    0x0800c752   0x0800c752   0x00000006   PAD
    0x0800c758   0x0800c758   0x0000008e   Code   RO          107    .text.MX_UART7_Init  usart.o
    0x0800c7e6   0x0800c7e6   0x00000002   PAD
    0x0800c7e8   0x0800c7e8   0x0000008e   Code   RO          109    .text.MX_USART1_UART_Init  usart.o
    0x0800c876   0x0800c876   0x00000002   PAD
    0x0800c878   0x0800c878   0x00000004   Code   RO          134    .text.MemManage_Handler  stm32h7xx_it.o
    0x0800c87c   0x0800c87c   0x00000004   PAD
    0x0800c880   0x0800c880   0x00000004   Code   RO          130    .text.NMI_Handler   stm32h7xx_it.o
    0x0800c884   0x0800c884   0x00000004   PAD
    0x0800c888   0x0800c888   0x0000006c   Code   RO          936    .text.NVIC_EncodePriority  stm32h7xx_hal_cortex.o
    0x0800c8f4   0x0800c8f4   0x00000004   PAD
    0x0800c8f8   0x0800c8f8   0x00000002   Code   RO          144    .text.PendSV_Handler  stm32h7xx_it.o
    0x0800c8fa   0x0800c8fa   0x00000006   PAD
    0x0800c900   0x0800c900   0x000001ca   Code   RO          470    .text.RCCEx_PLL2_Config  stm32h7xx_hal_rcc_ex.o
    0x0800caca   0x0800caca   0x00000006   PAD
    0x0800cad0   0x0800cad0   0x000001ca   Code   RO          472    .text.RCCEx_PLL3_Config  stm32h7xx_hal_rcc_ex.o
    0x0800cc9a   0x0800cc9a   0x00000006   PAD
    0x0800cca0   0x0800cca0   0x00000002   Code   RO          140    .text.SVC_Handler   stm32h7xx_it.o
    0x0800cca2   0x0800cca2   0x00000006   PAD
    0x0800cca8   0x0800cca8   0x00000052   Code   RO          952    .text.SysTick_Config  stm32h7xx_hal_cortex.o
    0x0800ccfa   0x0800ccfa   0x00000006   PAD
    0x0800cd00   0x0800cd00   0x00000008   Code   RO          146    .text.SysTick_Handler  stm32h7xx_it.o
    0x0800cd08   0x0800cd08   0x000000e6   Code   RO           27    .text.SystemClock_Config  main.o
    0x0800cdee   0x0800cdee   0x00000002   PAD
    0x0800cdf0   0x0800cdf0   0x0000018c   Code   RO         1882    .text.SystemInit    system_stm32h7xx.o
    0x0800cf7c   0x0800cf7c   0x00000004   PAD
    0x0800cf80   0x0800cf80   0x00000010   Code   RO          150    .text.TIM6_DAC_IRQHandler  stm32h7xx_it.o
    0x0800cf90   0x0800cf90   0x00000010   Code   RO          152    .text.TIM7_IRQHandler  stm32h7xx_it.o
    0x0800cfa0   0x0800cfa0   0x000001a4   Code   RO         1326    .text.TIM_Base_SetConfig  stm32h7xx_hal_tim.o
    0x0800d144   0x0800d144   0x00000004   PAD
    0x0800d148   0x0800d148   0x00000034   Code   RO         1516    .text.TIM_ETR_SetConfig  stm32h7xx_hal_tim.o
    0x0800d17c   0x0800d17c   0x00000004   PAD
    0x0800d180   0x0800d180   0x00000030   Code   RO         1522    .text.TIM_ITRx_SetConfig  stm32h7xx_hal_tim.o
    0x0800d1b0   0x0800d1b0   0x00000050   Code   RO         1520    .text.TIM_TI1_ConfigInputStage  stm32h7xx_hal_tim.o
    0x0800d200   0x0800d200   0x00000052   Code   RO         1524    .text.TIM_TI2_ConfigInputStage  stm32h7xx_hal_tim.o
    0x0800d252   0x0800d252   0x00000006   PAD
    0x0800d258   0x0800d258   0x00000130   Code   RO           15    .text.Triornot      main.o
    0x0800d388   0x0800d388   0x00000170   Code   RO           11    .text.TwoOrOne      main.o
    0x0800d4f8   0x0800d4f8   0x00000010   Code   RO          154    .text.UART7_IRQHandler  stm32h7xx_it.o
    0x0800d508   0x0800d508   0x00000086   Code   RO         1838    .text.UARTEx_SetNbDataToProcess  stm32h7xx_hal_uart_ex.o
    0x0800d58e   0x0800d58e   0x00000002   PAD
    0x0800d590   0x0800d590   0x00000148   Code   RO         1674    .text.UART_AdvFeatureConfig  stm32h7xx_hal_uart.o
    0x0800d6d8   0x0800d6d8   0x00000146   Code   RO         1678    .text.UART_CheckIdleState  stm32h7xx_hal_uart.o
    0x0800d81e   0x0800d81e   0x00000002   PAD
    0x0800d820   0x0800d820   0x0000001e   Code   RO         1760    .text.UART_DMAAbortOnError  stm32h7xx_hal_uart.o
    0x0800d83e   0x0800d83e   0x00000002   PAD
    0x0800d840   0x0800d840   0x0000009e   Code   RO         1730    .text.UART_EndRxTransfer  stm32h7xx_hal_uart.o
    0x0800d8de   0x0800d8de   0x00000002   PAD
    0x0800d8e0   0x0800d8e0   0x00000044   Code   RO         1766    .text.UART_EndTransmit_IT  stm32h7xx_hal_uart.o
    0x0800d924   0x0800d924   0x00000004   PAD
    0x0800d928   0x0800d928   0x00000922   Code   RO         1676    .text.UART_SetConfig  stm32h7xx_hal_uart.o
    0x0800e24a   0x0800e24a   0x00000006   PAD
    0x0800e250   0x0800e250   0x0000010c   Code   RO         1692    .text.UART_WaitOnFlagUntilTimeout  stm32h7xx_hal_uart.o
    0x0800e35c   0x0800e35c   0x00000004   PAD
    0x0800e360   0x0800e360   0x00000004   Code   RO          138    .text.UsageFault_Handler  stm32h7xx_it.o
    0x0800e364   0x0800e364   0x00000004   PAD
    0x0800e368   0x0800e368   0x00000030   Code   RO          940    .text.__NVIC_EnableIRQ  stm32h7xx_hal_cortex.o
    0x0800e398   0x0800e398   0x00000010   Code   RO          932    .text.__NVIC_GetPriorityGrouping  stm32h7xx_hal_cortex.o
    0x0800e3a8   0x0800e3a8   0x00000042   Code   RO          934    .text.__NVIC_SetPriority  stm32h7xx_hal_cortex.o
    0x0800e3ea   0x0800e3ea   0x00000006   PAD
    0x0800e3f0   0x0800e3f0   0x0000003c   Code   RO          928    .text.__NVIC_SetPriorityGrouping  stm32h7xx_hal_cortex.o
    0x0800e42c   0x0800e42c   0x00000004   PAD
    0x0800e430   0x0800e430   0x00000022   Code   RO          117    .text.fputc         usart.o
    0x0800e452   0x0800e452   0x00000006   PAD
    0x0800e458   0x0800e458   0x00000204   Code   RO           23    .text.main          main.o
    0x0800e65c   0x0800e65c   0x00000020   Code   RO         1970    i.__0printf         mc_w.l(printfa.o)
    0x0800e67c   0x0800e67c   0x00000030   Code   RO         2048    i.__ARM_fpclassify  m_wv.l(fpclassify.o)
    0x0800e6ac   0x0800e6ac   0x00000004   PAD
    0x0800e6b0   0x0800e6b0   0x000001d4   Code   RO         1933    i.__hardfp_atan     m_wv.l(atan.o)
    0x0800e884   0x0800e884   0x00000004   PAD
    0x0800e888   0x0800e888   0x000000b0   Code   RO         1940    i.__hardfp_cos      m_wv.l(cos.o)
    0x0800e938   0x0800e938   0x000000b0   Code   RO         1946    i.__hardfp_sin      m_wv.l(sin.o)
    0x0800e9e8   0x0800e9e8   0x0000003a   Code   RO         1952    i.__hardfp_sqrtf    m_wv.l(sqrtf.o)
    0x0800ea22   0x0800ea22   0x00000006   PAD
    0x0800ea28   0x0800ea28   0x00000308   Code   RO         2052    i.__ieee754_rem_pio2  m_wv.l(rred.o)
    0x0800ed30   0x0800ed30   0x000000c4   Code   RO         2025    i.__kernel_cos      m_wv.l(cos_i.o)
    0x0800edf4   0x0800edf4   0x00000070   Code   RO         2050    i.__kernel_poly     m_wv.l(poly.o)
    0x0800ee64   0x0800ee64   0x00000004   PAD
    0x0800ee68   0x0800ee68   0x000000a0   Code   RO         2057    i.__kernel_sin      m_wv.l(sin_i.o)
    0x0800ef08   0x0800ef08   0x00000006   Code   RO         2029    i.__mathlib_dbl_infnan  m_wv.l(dunder.o)
    0x0800ef0e   0x0800ef0e   0x00000002   PAD
    0x0800ef10   0x0800ef10   0x00000018   Code   RO         2031    i.__mathlib_dbl_invalid  m_wv.l(dunder.o)
    0x0800ef28   0x0800ef28   0x00000018   Code   RO         2034    i.__mathlib_dbl_underflow  m_wv.l(dunder.o)
    0x0800ef40   0x0800ef40   0x0000000e   Code   RO         2122    i.__scatterload_copy  mc_w.l(handlers.o)
    0x0800ef4e   0x0800ef4e   0x00000002   Code   RO         2123    i.__scatterload_null  mc_w.l(handlers.o)
    0x0800ef50   0x0800ef50   0x0000000e   Code   RO         2124    i.__scatterload_zeroinit  mc_w.l(handlers.o)
    0x0800ef5e   0x0800ef5e   0x00000002   PAD
    0x0800ef60   0x0800ef60   0x0000000c   Code   RO         2098    i.__set_errno       mc_w.l(errno.o)
    0x0800ef6c   0x0800ef6c   0x00000184   Code   RO         1977    i._fp_digits        mc_w.l(printfa.o)
    0x0800f0f0   0x0800f0f0   0x000006dc   Code   RO         1978    i._printf_core      mc_w.l(printfa.o)
    0x0800f7cc   0x0800f7cc   0x00000024   Code   RO         1979    i._printf_post_padding  mc_w.l(printfa.o)
    0x0800f7f0   0x0800f7f0   0x0000002e   Code   RO         1980    i._printf_pre_padding  mc_w.l(printfa.o)
    0x0800f81e   0x0800f81e   0x00000018   Code   RO         2044    i.fabs              m_wv.l(fabs.o)
    0x0800f836   0x0800f836   0x00000002   PAD
    0x0800f838   0x0800f838   0x00000050   Code   RO         1997    i.free              mc_w.l(malloc.o)
    0x0800f888   0x0800f888   0x00000098   Data   RO         1936    .constdata          m_wv.l(atan.o)
    0x0800f920   0x0800f920   0x00000030   Data   RO         2026    .constdata          m_wv.l(cos_i.o)
    0x0800f950   0x0800f950   0x000000cc   Data   RO         2054    .constdata          m_wv.l(rred.o)
    0x0800fa1c   0x0800fa1c   0x00000004   PAD
    0x0800fa20   0x0800fa20   0x00000028   Data   RO         2058    .constdata          m_wv.l(sin_i.o)
    0x0800fa48   0x0800fa48   0x00000010   Data   RO         1890    .rodata.D1CorePrescTable  system_stm32h7xx.o
    0x0800fa58   0x0800fa58   0x00000008   Data   RO          716    .rodata.DMA_CalcBaseAndBitshift.flagBitshiftOffset  stm32h7xx_hal_dma.o
    0x0800fa60   0x0800fa60   0x00000008   Data   RO         1855    .rodata.UARTEx_SetNbDataToProcess.denominator  stm32h7xx_hal_uart_ex.o
    0x0800fa68   0x0800fa68   0x00000008   Data   RO         1854    .rodata.UARTEx_SetNbDataToProcess.numerator  stm32h7xx_hal_uart_ex.o
    0x0800fa70   0x0800fa70   0x00000018   Data   RO         1810    .rodata.UARTPrescTable  stm32h7xx_hal_uart.o
    0x0800fa88   0x0800fa88   0x00000057   Data   RO           41    .rodata.str1.1      main.o
    0x0800fadf   0x0800fadf   0x00000001   PAD
    0x0800fae0   0x0800fae0   0x00000020   Data   RO         2121    Region$$Table       anon$$obj.o


    Execution Region RW_IRAM1 (Exec base: 0x20000000, Load base: 0x0800fb00, Size: 0x000177e0, Max: 0x00020000, ABSOLUTE)

    Exec Addr    Load Addr    Size         Type   Attr      Idx    E Section Name        Object

    0x20000000   0x0800fb00   0x00000004   Data   RW         2074    .data               mc_w.l(stdout.o)
    0x20000004   0x0800fb04   0x00000004   Data   RW         2094    .data               mc_w.l(mvars.o)
    0x20000008   0x0800fb08   0x00000004   Data   RW         2099    .data               mc_w.l(errno.o)
    0x2000000c   0x0800fb0c   0x00000004   Data   RW         1873    .data.FFT.n         xfft.o
    0x20000010   0x0800fb10   0x00000004   Data   RW         1888    .data.SystemCoreClock  system_stm32h7xx.o
    0x20000014   0x0800fb14   0x00000004   Data   RW         1889    .data.SystemD2Clock  system_stm32h7xx.o
    0x20000018   0x0800fb18   0x00000004   Data   RW           33    .data.boxlength     main.o
    0x2000001c   0x0800fb1c   0x00000001   Data   RW         1100    .data.uwTickFreq    stm32h7xx_hal.o
    0x2000001d   0x0800fb1d   0x00000003   PAD
    0x20000020   0x0800fb20   0x00000004   Data   RW         1099    .data.uwTickPrio    stm32h7xx_hal.o
    0x20000024   0x0800fb24   0x000000a8   Data   RW           32    .data.waveptarr     main.o
    0x200000cc   0x0800fbcc   0x00000004   PAD
    0x200000d0        -       0x00000001   Zero   RW           31    .bss.AdcConvEnd     main.o
    0x200000d1   0x0800fbcc   0x00000003   PAD
    0x200000d4        -       0x00000004   Zero   RW         1872    .bss.FFT.mw         xfft.o
    0x200000d8        -       0x00000004   Zero   RW         1871    .bss.FFT.w          xfft.o
    0x200000dc   0x0800fbcc   0x00000004   PAD
    0x200000e0        -       0x00008000   Zero   RW           34    .bss.Forcal         main.o
    0x200080e0        -       0x00000004   Zero   RW           38    .bss.WaveS1         main.o
    0x200080e4        -       0x00000004   Zero   RW           40    .bss.WaveS2         main.o
    0x200080e8        -       0x00000004   Zero   RW           37    .bss.Wavemax1       main.o
    0x200080ec        -       0x00000004   Zero   RW           39    .bss.Wavemax2       main.o
    0x200080f0        -       0x00008000   Zero   RW           35    .bss.calinfw        main.o
    0x200100f0        -       0x00000004   Zero   RW           36    .bss.frediffornot   main.o
    0x200100f4        -       0x00000064   Zero   RW           65    .bss.hadc1          adc.o
    0x20010158        -       0x00000078   Zero   RW           66    .bss.hdma_adc1      adc.o
    0x200101d0        -       0x0000004c   Zero   RW           99    .bss.htim15         tim.o
    0x2001021c        -       0x0000004c   Zero   RW           97    .bss.htim6          tim.o
    0x20010268        -       0x0000004c   Zero   RW           98    .bss.htim7          tim.o
    0x200102b4        -       0x00000094   Zero   RW          122    .bss.huart1         usart.o
    0x20010348        -       0x00000094   Zero   RW          121    .bss.huart7         usart.o
    0x200103dc        -       0x00000004   Zero   RW         1101    .bss.uwTick         stm32h7xx_hal.o
    0x200103e0        -       0x00007400   Zero   RW            1    STACK               startup_stm32h743xx.o



  Load Region LR$$.ARM.__at_0x24000000 (Base: 0x24000000, Size: 0x00010000, Max: 0x00010000, ABSOLUTE)

    Execution Region ER$$.ARM.__at_0x24000000 (Exec base: 0x24000000, Load base: 0x24000000, Size: 0x00010000, Max: 0x00010000, ABSOLUTE, UNINIT)

    Exec Addr    Load Addr    Size         Type   Attr      Idx    E Section Name        Object

    0x24000000   0x24000000   0x00010000   Data   RW         1874    .ARM.__at_0x24000000  xfft.o



  Load Region LR$$.ARM.__at_0x24040000 (Base: 0x24040000, Size: 0x00010000, Max: 0x00010000, ABSOLUTE)

    Execution Region ER$$.ARM.__at_0x24040000 (Exec base: 0x24040000, Load base: 0x24040000, Size: 0x00010000, Max: 0x00010000, ABSOLUTE, UNINIT)

    Exec Addr    Load Addr    Size         Type   Attr      Idx    E Section Name        Object

    0x24040000   0x24040000   0x00010000   Data   RW         1870    .ARM.__at_0x24040000  xfft.o



  Load Region LR$$.ARM.__at_0x30000000 (Base: 0x30000000, Size: 0x00004000, Max: 0x00004000, ABSOLUTE)

    Execution Region ER$$.ARM.__at_0x30000000 (Exec base: 0x30000000, Load base: 0x30000000, Size: 0x00004000, Max: 0x00004000, ABSOLUTE, UNINIT)

    Exec Addr    Load Addr    Size         Type   Attr      Idx    E Section Name        Object

    0x30000000   0x30000000   0x00004000   Data   RW           42    .ARM.__at_0x30000000  main.o


==============================================================================

Image component sizes


      Code (inc. data)   RO Data    RW Data    ZI Data      Debug   Object Name

       474          0          0          0        220       8880   adc.o
        56          0          0          0          0       5275   dma.o
       156          0          0          0          0       2314   gpio.o
      2942         32         87      16556      65557      13530   main.o
        44         12        664          0      29696        816   startup_stm32h743xx.o
       308          0          0          5          4      13725   stm32h7xx_hal.o
      6384          0          0          0          0      21827   stm32h7xx_hal_adc.o
       982          0          0          0          0      21388   stm32h7xx_hal_adc_ex.o
       688          0          0          0          0      11518   stm32h7xx_hal_cortex.o
     15544          8          8          0          0      12749   stm32h7xx_hal_dma.o
       964          0          0          0          0       6993   stm32h7xx_hal_gpio.o
        36          0          0          0          0       2205   stm32h7xx_hal_msp.o
       162          0          0          0          0      10334   stm32h7xx_hal_pwr_ex.o
      5026         66          0          0          0      11909   stm32h7xx_hal_rcc.o
     10408        118          0          0          0      19300   stm32h7xx_hal_rcc_ex.o
      2516          0          0          0          0      37356   stm32h7xx_hal_tim.o
       368          0          0          0          0      17382   stm32h7xx_hal_tim_ex.o
      5816        258         24          0          0      29136   stm32h7xx_hal_uart.o
       562          0         16          0          0       8827   stm32h7xx_hal_uart_ex.o
        98          0          0          0          0       1360   stm32h7xx_it.o
       436          0         16          8          0       6187   system_stm32h7xx.o
       536          0          0          0        228      10430   tim.o
       650          0          0          0        296      12194   usart.o
      1312         32          0     131076          8       3132   xfft.o

    ----------------------------------------------------------------------
     56896        538        848     147648      96020     288767   Object Totals
         0          0         32          0          0          0   (incl. Generated)
       428         12          1          3         11          0   (incl. Padding)

    ----------------------------------------------------------------------

      Code (inc. data)   RO Data    RW Data    ZI Data      Debug   Library Member Name

       468         66        152          0          0        224   atan.o
       176         18          0          0          0        156   cos.o
       196         14         48          0          0        176   cos_i.o
        54         28          0          0          0        348   dunder.o
        24          0          0          0          0        124   fabs.o
        48          0          0          0          0        124   fpclassify.o
       112          0          0          0          0        116   poly.o
       776        130        204          0          0        172   rred.o
       176         18          0          0          0        160   sin.o
       160         16         40          0          0        196   sin_i.o
        58          0          0          0          0        136   sqrtf.o
         0          0          0          0          0          0   entry.o
         0          0          0          0          0          0   entry10a.o
         0          0          0          0          0          0   entry11a.o
         8          4          0          0          0          0   entry2.o
         4          0          0          0          0          0   entry5.o
         0          0          0          0          0          0   entry7b.o
         0          0          0          0          0          0   entry8b.o
         8          4          0          0          0          0   entry9a.o
        12          6          0          4          0         68   errno.o
        30          0          0          0          0          0   handlers.o
        36          8          0          0          0         68   init.o
         0          0          0          0          0          0   iusefp.o
        30          0          0          0          0         68   llshl.o
        36          0          0          0          0         68   llsshr.o
        32          0          0          0          0         68   llushr.o
        80          4          0          0          0         76   malloc.o
        36          0          0          0          0        108   memseta.o
         0          0          0          4          0          0   mvars.o
      2258         90          0          0          0        452   printfa.o
         8          0          0          0          0         68   siabs.o
         0          0          0          4          0          0   stdout.o
        44          0          0          0          0         80   uidiv.o
        98          0          0          0          0         92   uldiv.o
        48          0          0          0          0         68   cdrcmple.o
       334          0          0          0          0        148   dadd.o
       222          0          0          0          0        100   ddiv.o
       186          0          0          0          0        176   depilogue.o
        48          0          0          0          0         68   dfixul.o
       228          0          0          0          0         96   dmul.o

    ----------------------------------------------------------------------
      6064        410        448         12          0       3804   Library Totals
        30          4          4          0          0          0   (incl. Padding)

    ----------------------------------------------------------------------

      Code (inc. data)   RO Data    RW Data    ZI Data      Debug   Library Name

      2248        290        444          0          0       1932   m_wv.l
      2720        116          0         12          0       1216   mc_w.l
      1066          0          0          0          0        656   mf_w.l

    ----------------------------------------------------------------------
      6064        410        448         12          0       3804   Library Totals

    ----------------------------------------------------------------------

==============================================================================


      Code (inc. data)   RO Data    RW Data    ZI Data      Debug   

     62960        948       1296     147660      96020     290251   Grand Totals
     62960        948       1296     147660      96020     290251   ELF Image Totals
     62960        948       1296     147660          0          0   ROM Totals

==============================================================================

    Total RO  Size (Code + RO Data)                64256 (  62.75kB)
    Total RW  Size (RW Data + ZI Data)            243680 ( 237.97kB)
    Total ROM Size (Code + RO Data + RW Data)     211916 ( 206.95kB)

==============================================================================

