<html>
<body>
<pre>
<h1>µVision Build Log</h1>
<h2>Tool Versions:</h2>
IDE-Version: ¦ÌVision V5.27.0.0
Copyright (C) 2018 ARM Ltd and ARM Germany GmbH. All rights reserved.
License Information: mio TakamiyaMio1@outlook.com, mio, LIC=76F5U-S6211-IIC5V-P5E6C-97MGQ-R6R07
 
Tool Versions:
Toolchain:       MDK-ARM Plus  Version: 5.27.0.0
Toolchain Path:  D:\07stm32\ARM\ARMCLANG\Bin
C Compiler:      ArmClang.exe V6.11
Assembler:       Armasm.exe V6.11
Linker/Locator:  ArmLink.exe V6.11
Library Manager: ArmAr.exe V6.11
Hex Converter:   FromElf.exe V6.11
CPU DLL:         SARMCM3.DLL V5.27.0.0
Dialog DLL:      DCM.DLL V1.17.2.0
Target DLL:      STLink\ST-LINKIII-KEIL_SWO.dll V3.0.5.0
Dialog DLL:      TCM.DLL V1.36.1.0
 
<h2>Project:</h2>
D:\07 STI\0jixvn\2_2023H\STM32H743-dual-ADC-FFT-phase-diff-main\MDK-ARM\H743_dual_ADC_synchronous_sample.uvprojx
Project File Date:  07/13/2025

<h2>Output:</h2>
*** Using Compiler 'V6.11', folder: 'D:\07stm32\ARM\ARMCLANG\Bin'
Build target 'H743_dual_ADC_synchronous_sample'
assembling startup_stm32h743xx.s...
compiling adc.c...
compiling stm32h7xx_hal_rcc_ex.c...
compiling main.c...
compiling tim.c...
compiling stm32h7xx_hal_adc_ex.c...
compiling stm32h7xx_hal_msp.c...
compiling usart.c...
compiling dma.c...
compiling gpio.c...
compiling stm32h7xx_it.c...
compiling stm32h7xx_hal_rcc.c...
compiling stm32h7xx_hal_flash.c...
compiling stm32h7xx_hal_adc.c...
compiling stm32h7xx_hal_flash_ex.c...
compiling stm32h7xx_hal_gpio.c...
compiling stm32h7xx_hal_hsem.c...
compiling stm32h7xx_hal_dma_ex.c...
compiling stm32h7xx_hal_dma.c...
compiling stm32h7xx_hal_pwr.c...
compiling stm32h7xx_hal_mdma.c...
compiling stm32h7xx_hal_pwr_ex.c...
compiling stm32h7xx_hal_cortex.c...
compiling stm32h7xx_hal.c...
compiling stm32h7xx_hal_i2c_ex.c...
compiling stm32h7xx_hal_exti.c...
compiling stm32h7xx_hal_tim_ex.c...
compiling stm32h7xx_hal_i2c.c...
compiling stm32h7xx_hal_tim.c...
compiling system_stm32h7xx.c...
compiling stm32h7xx_hal_uart_ex.c...
compiling Phase.c...
compiling stm32h7xx_hal_uart.c...
linking...
Program Size: Code=29296 RO-data=12568 RW-data=28 ZI-data=30532  
FromELF: creating hex file...
"H743_dual_ADC_synchronous_sample\H743_dual_ADC_synchronous_sample.axf" - 0 Error(s), 0 Warning(s).

<h2>Software Packages used:</h2>

Package Vendor: ARM
                http://www.keil.com/pack/ARM.CMSIS.5.6.0.pack
                ARM.CMSIS.5.6.0
                CMSIS (Cortex Microcontroller Software Interface Standard)
   * Component: CORE Version: 5.3.0
   * Component: DSP Variant: Library Version: 1.7.0

Package Vendor: Keil
                https://www.keil.com/pack/Keil.STM32H7xx_DFP.3.1.1.pack
                Keil.STM32H7xx_DFP.3.1.1
                STMicroelectronics STM32H7 Series Device Support and Examples

<h2>Collection of Component include folders:</h2>
  .\RTE\_H743_dual_ADC_synchronous_sample
  D:\07stm32\ARM\PACK\ARM\CMSIS\5.6.0\CMSIS\Core\Include
  D:\07stm32\ARM\PACK\ARM\CMSIS\5.6.0\CMSIS\DSP\Include
  D:\07stm32\ARM\PACK\Keil\STM32H7xx_DFP\3.1.1\Drivers\CMSIS\Device\ST\STM32H7xx\Include

<h2>Collection of Component Files used:</h2>

   * Component: ARM::CMSIS:CORE:5.3.0

   * Component: ARM::CMSIS:DSP:Library:1.7.0
      Include file:  CMSIS\DSP\Include\arm_math.h
      Library file:  CMSIS\DSP\Lib\ARM\arm_cortexM7lfdp_math.lib
Build Time Elapsed:  00:00:04
</pre>
</body>
</html>
